VBCSCompilerPreWarmer: pre-warm launched (dotnet PID 68320)
VBCSCompiler prewarm took 7.70 ms
[Licensing::Module] Trying to connect to existing licensing client channel...
Built from '6000.6/respin/6000.6.0f1-fa21a270ab12' branch; Version is '6000.6.0f1 (f7f8ed4d1e24) revision 16251117'; Using compiler version '194234433'; Build Type 'Release'
[Licensing::IpcConnector] Successfully connected to: "LicenseClient-cld-main" at "2026-09-30T02:58:50.1271932Z"
OS: 'Windows 11  (10.0.26200) Professional' Language: 'en' Physical Memory: 48900 MB
BatchMode: 1, IsHumanControllingUs: 0, StartBugReporterOnCrash: 0, Is64bit: 1
System  architecture: x64
Process architecture: x64
Date: 2026-09-30T02:58:50Z
[Licensing::Client] Code 10 while verifying Licensing Client signature (process Id: 24176, path: "C:/Program Files/Unity Hub/UnityLicensingClient_V1/Unity.Licensing.Client.exe")
[Licensing::Module] LicensingClient has failed validation; ignoring
[Licensing::Client] Handshaking with LicensingClient:
  Version:                 1.18.3+d7ffd15
  Session Id:              f2c03f6d9de446bb8e499ef9a1079b1a
  Correlation Id:          4a0942eb790a3c319bbd1f52d8cf2d58
  External correlation Id: 5952168864137505204
  Machine Id:              T094sZre+r836f7Huwglp/CeU6E=
[Licensing::Module] Successfully connected to LicensingClient on channel: "LicenseClient-cld-main" (connect: 0.00s, validation: 0.00s, handshake: 0.06s)
[Licensing::IpcConnector] Successfully connected to: "LicenseClient-cld-main-notifications" at "2026-09-30T02:58:50.1841938Z"
[Licensing::Module] Error: Access token is unavailable; failed to update
[Licensing::Client] Successfully resolved entitlement details
[Licensing::Module] License group:
  Id: F4-BD94-N7Y7-ECXG-BGV5-XXXX
  Product: Unity Personal
  Type: ULF
  Expiration: Unlimited
[Licensing::Module] License group:
  Id: 2476032566722-UnityPersXXXX
  Product: Unity Personal
  Type: Assigned
  Expiration: Unlimited
[Licensing::Client] Successfully updated license, isAsync: True, time: 0.00
[Licensing::Module] Licensing Background thread has ended after 0.06s

COMMAND LINE ARGUMENTS:
C:\Program Files\Unity\Hub\Editor\6000.6.0f1\Editor\Unity.exe
-batchmode
-projectPath
C:\Users\cld-main\Desktop\github-projects\infinity-redux
-logFile
C:\Users\cld-main\Desktop\github-projects\infinity-redux\output\task-09\review-red.log
-runTests
-testPlatform
PlayMode
-assemblyNames
Praxen.Game.Tests.PlayMode
-testResults
C:\Users\cld-main\Desktop\github-projects\infinity-redux\output\task-09\review-red.xml
Successfully changed project path to: C:\Users\cld-main\Desktop\github-projects\infinity-redux
C:/Users/cld-main/Desktop/github-projects/infinity-redux
[UnityMemory] Configuration Parameters - Can be set up in boot.config
    "memorysetup-temp-allocator-size-gi-baking-worker=262144"
    "memorysetup-temp-allocator-size-gi-baking-worker=262144"
    "memorysetup-temp-allocator-size-gi-baking-worker=262144"
    "memorysetup-temp-allocator-size-gi-baking-worker=262144"
    "memorysetup-temp-allocator-size-gi-baking-worker=262144"
    "memorysetup-temp-allocator-size-nav-mesh-worker=65536"
    "memorysetup-temp-allocator-size-audio-worker=65536"
    "memorysetup-temp-allocator-size-cloud-worker=32768"
    "memorysetup-temp-allocator-size-gfx=262144"
    "memorysetup-remapper-allocator-initial-capacity=32768"
    "memorysetup-temp-allocator-size-preload-manager=33554432"
    "memorysetup-allocator-temp-initial-block-size-main=262144"
    "memorysetup-allocator-temp-initial-block-size-worker=262144"
    "memorysetup-temp-allocator-size-job-worker=262144"
    "memorysetup-temp-allocator-size-background-worker=32768"
    "memorysetup-bucket-allocator-granularity=16"
    "memorysetup-bucket-allocator-bucket-count=8"
    "memorysetup-bucket-allocator-block-size=33554432"
    "memorysetup-bucket-allocator-block-count=8"
    "memorysetup-main-allocator-block-size=16777216"
    "memorysetup-thread-allocator-block-size=16777216"
    "memorysetup-main-allocator-mimalloc-enabled=1"
    "memorysetup-gfx-main-allocator-block-size=16777216"
    "memorysetup-gfx-thread-allocator-block-size=16777216"
    "memorysetup-cache-allocator-block-size=4194304"
    "memorysetup-typetree-allocator-block-size=2097152"
    "memorysetup-profiler-bucket-allocator-granularity=16"
    "memorysetup-profiler-bucket-allocator-bucket-count=8"
    "memorysetup-profiler-bucket-allocator-block-size=33554432"
    "memorysetup-profiler-bucket-allocator-block-count=8"
    "memorysetup-profiler-allocator-block-size=16777216"
    "memorysetup-profiler-editor-allocator-block-size=1048576"
    "memorysetup-temp-allocator-size-main=16777216"
    "memorysetup-job-temp-allocator-block-size=2097152"
    "memorysetup-job-temp-allocator-block-size-background=1048576"
    "memorysetup-job-temp-allocator-reduction-small-platforms=262144"
Logging is directed to a specific file, skipping project log.
Player connection [71776]  Target information:

Player connection [71776]  * "[IP] 192.168.0.253 [Port] 55504 [Flags] 2 [Guid] 4098771452 [EditorId] 4098771452 [Version] 1048832 [Id] WindowsEditor(7,cld-pc-desktop) [Debug] 1 [PackageName] WindowsEditor [ProjectName] Editor" 

Player connection [71776]  * "[IP] 172.22.96.1 [Port] 55504 [Flags] 2 [Guid] 4098771452 [EditorId] 4098771452 [Version] 1048832 [Id] WindowsEditor(7,cld-pc-desktop) [Debug] 1 [PackageName] WindowsEditor [ProjectName] Editor" 

Player connection [71776]  * "[IP] 100.89.56.46 [Port] 55504 [Flags] 2 [Guid] 4098771452 [EditorId] 4098771452 [Version] 1048832 [Id] WindowsEditor(7,cld-pc-desktop) [Debug] 1 [PackageName] WindowsEditor [ProjectName] Editor" 

Player connection [71776] Host joined multi-casting on [225.0.0.222:54997]...
Player connection [71776] Host joined alternative multi-casting on [225.0.0.222:34997]...
Input System module state changed to: Initialized.
[Physics::Module] Initialized fallback backend.
[Physics::Module] Id: 0xdecafbad
[Package Manager] Connected to IPC stream "Upm-68212" after 0.3 seconds.
[Licensing::Client] Successfully resolved entitlement details
[Licensing::Module] License group:
  Id: F4-BD94-N7Y7-ECXG-BGV5-XXXX
  Product: Unity Personal
  Type: ULF
  Expiration: Unlimited
[Licensing::Module] License group:
  Id: 2476032566722-UnityPersXXXX
  Product: Unity Personal
  Type: Assigned
  Expiration: Unlimited
Library Redirect Path: Library/
Launching Unity Data Store - C:/Program Files/Unity/Hub/Editor/6000.6.0f1/Editor/Data/Tools/Unity.DataStore.exe 
Unity Data Store artifact dir = Library/DataStore, working dir = C:/Users/cld-main/Desktop/github-projects/infinity-redux[Physics::Module] Selected backend.
[Physics::Module] Name: PhysX
[Physics::Module] Id: 0xf2b8ea05
[Physics::Module] SDK Version: 4.1.2
[Physics::Module] Integration Version: 1.0.0
[Physics::Module] Threading Mode: Multi-Threaded
Unity Data Store running and initialised
Initialize engine version: 6000.6.0f1 (f7f8ed4d1e24)
[EntityIdStore] init: VM path (explicit commit), pageSize=4096, blockCount=1048576, entitiesPerBlock=256, slots reserved=4294967296 bytes
[Subsystems] Discovering subsystems at path C:/Program Files/Unity/Hub/Editor/6000.6.0f1/Editor/Data/Resources/UnitySubsystems
[Subsystems] Discovering subsystems at path C:/Users/cld-main/Desktop/github-projects/infinity-redux/Assets
GfxDevice: creating device client; kGfxThreadingModeNonThreaded
Direct3D:
    Version:  Direct3D 11.0 [level 11.1]
    Renderer: NVIDIA GeForce RTX 4060 Ti (ID=0x2803)
    Vendor:   NVIDIA
    VRAM:     7949 MB
    Driver:   32.0.15.9186
Initialize mono
Mono path[0] = 'C:/Program Files/Unity/Hub/Editor/6000.6.0f1/Editor/Data/Managed'
Mono path[1] = 'C:/Program Files/Unity/Hub/Editor/6000.6.0f1/Editor/Data/BCLExtensions/runtime/netstandard2.1'
Mono path[2] = 'C:/Program Files/Unity/Hub/Editor/6000.6.0f1/Editor/Data/MonoBleedingEdge/lib/mono/unityjit-win32'
Mono config path = 'C:/Program Files/Unity/Hub/Editor/6000.6.0f1/Editor/Data/MonoBleedingEdge/etc'
Using monoOptions --debugger-agent=transport=dt_socket,embedding=1,server=y,suspend=n,address=127.0.0.1:56212
CodeReloadManager initialized
ImportWorker Server TCP listen port: 0
AcceleratorClientConnectionCallback - disconnected - :0
Begin MonoManager ReloadAssembly
Registering precompiled unity dll's ...
Register platform support module: C:/Program Files/Unity/Hub/Editor/6000.6.0f1/Editor/Data/PlaybackEngines/WebGLSupport/UnityEditor.WebGL.Extensions.dll
[Licensing::Client] Successfully resolved entitlement details
[Licensing::Module] License group:
  Id: F4-BD94-N7Y7-ECXG-BGV5-XXXX
  Product: Unity Personal
  Type: ULF
  Expiration: Unlimited
[Licensing::Module] License group:
  Id: 2476032566722-UnityPersXXXX
  Product: Unity Personal
  Type: Assigned
  Expiration: Unlimited
Register platform support module: C:/Program Files/Unity/Hub/Editor/6000.6.0f1/Editor/Data/PlaybackEngines/VisionOSPlayer/UnityEditor.VisionOS.Extensions.dll
Register platform support module: C:/Program Files/Unity/Hub/Editor/6000.6.0f1/Editor/Data/PlaybackEngines/WindowsStandaloneSupport/UnityEditor.WindowsStandalone.Extensions.dll
[Licensing::Client] Successfully resolved entitlement details
[Licensing::Module] License group:
  Id: F4-BD94-N7Y7-ECXG-BGV5-XXXX
  Product: Unity Personal
  Type: ULF
  Expiration: Unlimited
[Licensing::Module] License group:
  Id: 2476032566722-UnityPersXXXX
  Product: Unity Personal
  Type: Assigned
  Expiration: Unlimited
Register platform support module: C:/Program Files/Unity/Hub/Editor/6000.6.0f1/Editor/Data/PlaybackEngines/MetroSupport/UnityEditor.UWP.Extensions.dll
[Licensing::Client] Successfully resolved entitlement details
[Licensing::Module] License group:
  Id: F4-BD94-N7Y7-ECXG-BGV5-XXXX
  Product: Unity Personal
  Type: ULF
  Expiration: Unlimited
[Licensing::Module] License group:
  Id: 2476032566722-UnityPersXXXX
  Product: Unity Personal
  Type: Assigned
  Expiration: Unlimited
Register platform support module: C:/Program Files/Unity/Hub/Editor/6000.6.0f1/Editor/Data/PlaybackEngines/AndroidPlayer/UnityEditor.Android.Extensions.dll
Register platform support module: C:/Program Files/Unity/Hub/Editor/6000.6.0f1/Editor/Data/PlaybackEngines/iOSSupport/UnityEditor.iOS.Extensions.dll
Register platform support module: C:/Program Files/Unity/Hub/Editor/6000.6.0f1/Editor/Data/PlaybackEngines/AppleTVSupport/UnityEditor.AppleTV.Extensions.dll
Registered in 0.010313 seconds.
Native extension for AppleTV target not found
Native extension for iOS target not found
Native extension for Android target not found
Native extension for UWP target not found
Native extension for WindowsStandalone target not found
Failed to load: C:/Program Files/Unity/Hub/Editor/6000.6.0f1/Editor/Data/PlaybackEngines/VisionOSPlayer\x64\UnityEditor.VisionOS.Native.dll
Native extension for VisionOS target not found
Native extension for WebGL target not found
Package Manager log level set to [2]
ScheduleIndexationOnStartup MainProcess:False IndexOnStartup:True
Scripting: successfully reloaded assembly
- Finished resetting the current domain, in  0.832 seconds
Domain Reload Profiling: 1645ms
	BeginReloadAssembly (165ms)
		CreateAndSetChildDomain (20ms)
	RebuildCommonClasses (5ms)
	RebuildNativeTypeToScriptingClass (17ms)
	initialDomainReloadingComplete (95ms)
	LoadAllAssembliesAndSetupDomain (529ms)
		LoadAssemblies (143ms)
		TypeCache.Refresh (389ms)
			TypeCache.ScanAssembly (371ms)
		AnalyzeDomain (1ms)
	FinalizeReload (835ms)
		SetupLoadedEditorAssemblies (0ms)
			InitializePlatformSupportModulesInManaged (61ms)
			BeforeProcessingInitializeOnLoad (131ms)
			ProcessInitializeOnLoadAttributes (170ms)
			ProcessInitializeOnLoadMethodAttributes (216ms)
[Licensing::Client] Successfully resolved entitlement details
[Licensing::Module] License group:
  Id: F4-BD94-N7Y7-ECXG-BGV5-XXXX
  Product: Unity Personal
  Type: ULF
  Expiration: Unlimited
[Licensing::Module] License group:
  Id: 2476032566722-UnityPersXXXX
  Product: Unity Personal
  Type: Assigned
  Expiration: Unlimited
Application.AssetDatabase Initial Refresh Start
[Package Manager] Restoring resolved packages state from cache
[Licensing::Client] Successfully resolved entitlement details
[Package Manager] Registered 65 packages:
  Packages from [https://packages.unity.com]:
    com.unity.addressables@2.11.2 (location: C:\Users\cld-main\Desktop\github-projects\infinity-redux\Library\PackageCache\com.unity.addressables@42676f2a154e)
    com.unity.collab-proxy@2.13.6 (location: C:\Users\cld-main\Desktop\github-projects\infinity-redux\Library\PackageCache\com.unity.collab-proxy@4628d2ba6ea4)
    com.unity.ide.rider@3.0.38 (location: C:\Users\cld-main\Desktop\github-projects\infinity-redux\Library\PackageCache\com.unity.ide.rider@1f60b3138684)
    com.unity.ide.visualstudio@2.0.26 (location: C:\Users\cld-main\Desktop\github-projects\infinity-redux\Library\PackageCache\com.unity.ide.visualstudio@a99d56dec63f)
    com.unity.inputsystem@1.20.0 (location: C:\Users\cld-main\Desktop\github-projects\infinity-redux\Library\PackageCache\com.unity.inputsystem@7a4e1a2a8194)
    com.unity.nuget.newtonsoft-json@3.2.2 (location: C:\Users\cld-main\Desktop\github-projects\infinity-redux\Library\PackageCache\com.unity.nuget.newtonsoft-json@4dfd81071c64)
    com.unity.pipeline@0.8.0-exp.1 (location: C:\Users\cld-main\Desktop\github-projects\infinity-redux\Library\PackageCache\com.unity.pipeline@62c08c808737)
    com.unity.nuget.mono-cecil@1.11.6 (location: C:\Users\cld-main\Desktop\github-projects\infinity-redux\Library\PackageCache\com.unity.nuget.mono-cecil@ecb9724e46ff)
    com.unity.splines@2.9.0 (location: C:\Users\cld-main\Desktop\github-projects\infinity-redux\Library\PackageCache\com.unity.splines@e6e1d5900acc)
    com.unity.profiling.core@1.0.3 (location: C:\Users\cld-main\Desktop\github-projects\infinity-redux\Library\PackageCache\com.unity.profiling.core@8a49f7027d06)
    com.unity.scriptablebuildpipeline@3.0.3 (location: C:\Users\cld-main\Desktop\github-projects\infinity-redux\Library\PackageCache\com.unity.scriptablebuildpipeline@61526b33bf2c)
    com.unity.searcher@4.9.5 (location: C:\Users\cld-main\Desktop\github-projects\infinity-redux\Library\PackageCache\com.unity.searcher@a463122f2c00)
    com.unity.settings-manager@2.1.1 (location: C:\Users\cld-main\Desktop\github-projects\infinity-redux\Library\PackageCache\com.unity.settings-manager@0b8638c5ce86)
  Built-in packages:
    com.unity.cinemachine@6.6.0 (location: C:\Users\cld-main\Desktop\github-projects\infinity-redux\Library\PackageCache\com.unity.cinemachine@f53aa49b3acc)
    com.unity.modules.accessibility@1.0.0 (location: C:\Users\cld-main\Desktop\github-projects\infinity-redux\Library\PackageCache\com.unity.modules.accessibility)
    com.unity.modules.adaptiveperformance@1.0.0 (location: C:\Users\cld-main\Desktop\github-projects\infinity-redux\Library\PackageCache\com.unity.modules.adaptiveperformance)
    com.unity.modules.ai@1.0.0 (location: C:\Users\cld-main\Desktop\github-projects\infinity-redux\Library\PackageCache\com.unity.modules.ai)
    com.unity.modules.androidjni@1.0.0 (location: C:\Users\cld-main\Desktop\github-projects\infinity-redux\Library\PackageCache\com.unity.modules.androidjni)
    com.unity.modules.animation@1.0.0 (location: C:\Users\cld-main\Desktop\github-projects\infinity-redux\Library\PackageCache\com.unity.modules.animation)
    com.unity.modules.assetbundle@1.0.0 (location: C:\Users\cld-main\Desktop\github-projects\infinity-redux\Library\PackageCache\com.unity.modules.assetbundle)
    com.unity.modules.audio@1.0.0 (location: C:\Users\cld-main\Desktop\github-projects\infinity-redux\Library\PackageCache\com.unity.modules.audio)
    com.unity.modules.cloth@1.0.0 (location: C:\Users\cld-main\Desktop\github-projects\infinity-redux\Library\PackageCache\com.unity.modules.cloth)
    com.unity.modules.director@1.0.0 (location: C:\Users\cld-main\Desktop\github-projects\infinity-redux\Library\PackageCache\com.unity.modules.director)
    com.unity.modules.imageconversion@1.0.0 (location: C:\Users\cld-main\Desktop\github-projects\infinity-redux\Library\PackageCache\com.unity.modules.imageconversion)
    com.unity.modules.imgui@1.0.0 (location: C:\Users\cld-main\Desktop\github-projects\infinity-redux\Library\PackageCache\com.unity.modules.imgui)
    com.unity.modules.jsonserialize@1.0.0 (location: C:\Users\cld-main\Desktop\github-projects\infinity-redux\Library\PackageCache\com.unity.modules.jsonserialize)
    com.unity.modules.particlesystem@1.0.0 (location: C:\Users\cld-main\Desktop\github-projects\infinity-redux\Library\PackageCache\com.unity.modules.particlesystem)
    com.unity.modules.physics@1.0.0 (location: C:\Users\cld-main\Desktop\github-projects\infinity-redux\Library\PackageCache\com.unity.modules.physics)
    com.unity.modules.physics2d@1.0.0 (location: C:\Users\cld-main\Desktop\github-projects\infinity-redux\Library\PackageCache\com.unity.modules.physics2d)
    com.unity.modules.physicscore2d@1.0.0 (location: C:\Users\cld-main\Desktop\github-projects\infinity-redux\Library\PackageCache\com.unity.modules.physicscore2d)
    com.unity.modules.screencapture@1.0.0 (location: C:\Users\cld-main\Desktop\github-projects\infinity-redux\Library\PackageCache\com.unity.modules.screencapture)
    com.unity.modules.terrain@1.0.0 (location: C:\Users\cld-main\Desktop\github-projects\infinity-redux\Library\PackageCache\com.unity.modules.terrain)
    com.unity.modules.terrainphysics@1.0.0 (location: C:\Users\cld-main\Desktop\github-projects\infinity-redux\Library\PackageCache\com.unity.modules.terrainphysics)
    com.unity.modules.tetgen@1.0.0 (location: C:\Users\cld-main\Desktop\github-projects\infinity-redux\Library\PackageCache\com.unity.modules.tetgen)
    com.unity.modules.tilemap@1.0.0 (location: C:\Users\cld-main\Desktop\github-projects\infinity-redux\Library\PackageCache\com.unity.modules.tilemap)
    com.unity.modules.timelinefoundation@1.0.0 (location: C:\Users\cld-main\Desktop\github-projects\infinity-redux\Library\PackageCache\com.unity.modules.timelinefoundation)
    com.unity.modules.ui@1.0.0 (location: C:\Users\cld-main\Desktop\github-projects\infinity-redux\Library\PackageCache\com.unity.modules.ui)
    com.unity.modules.uielements@1.0.0 (location: C:\Users\cld-main\Desktop\github-projects\infinity-redux\Library\PackageCache\com.unity.modules.uielements)
    com.unity.modules.umbra@1.0.0 (location: C:\Users\cld-main\Desktop\github-projects\infinity-redux\Library\PackageCache\com.unity.modules.umbra)
    com.unity.modules.unityanalytics@1.0.0 (location: C:\Users\cld-main\Desktop\github-projects\infinity-redux\Library\PackageCache\com.unity.modules.unityanalytics)
    com.unity.modules.unitywebrequest@1.0.0 (location: C:\Users\cld-main\Desktop\github-projects\infinity-redux\Library\PackageCache\com.unity.modules.unitywebrequest)
    com.unity.modules.unitywebrequestassetbundle@1.0.0 (location: C:\Users\cld-main\Desktop\github-projects\infinity-redux\Library\PackageCache\com.unity.modules.unitywebrequestassetbundle)
    com.unity.modules.unitywebrequestaudio@1.0.0 (location: C:\Users\cld-main\Desktop\github-projects\infinity-redux\Library\PackageCache\com.unity.modules.unitywebrequestaudio)
    com.unity.modules.unitywebrequesttexture@1.0.0 (location: C:\Users\cld-main\Desktop\github-projects\infinity-redux\Library\PackageCache\com.unity.modules.unitywebrequesttexture)
    com.unity.modules.unitywebrequestwww@1.0.0 (location: C:\Users\cld-main\Desktop\github-projects\infinity-redux\Library\PackageCache\com.unity.modules.unitywebrequestwww)
    com.unity.modules.vectorgraphics@1.0.0 (location: C:\Users\cld-main\Desktop\github-projects\infinity-redux\Library\PackageCache\com.unity.modules.vectorgraphics)
    com.unity.modules.vehicles@1.0.0 (location: C:\Users\cld-main\Desktop\github-projects\infinity-redux\Library\PackageCache\com.unity.modules.vehicles)
    com.unity.modules.video@1.0.0 (location: C:\Users\cld-main\Desktop\github-projects\infinity-redux\Library\PackageCache\com.unity.modules.video)
    com.unity.modules.wind@1.0.0 (location: C:\Users\cld-main\Desktop\github-projects\infinity-redux\Library\PackageCache\com.unity.modules.wind)
    com.unity.modules.xr@1.0.0 (location: C:\Users\cld-main\Desktop\github-projects\infinity-redux\Library\PackageCache\com.unity.modules.xr)
    com.unity.render-pipelines.universal@17.6.0 (location: C:\Users\cld-main\Desktop\github-projects\infinity-redux\Library\PackageCache\com.unity.render-pipelines.universal@8457e85b8184)
    com.unity.test-framework@1.8.0 (location: C:\Users\cld-main\Desktop\github-projects\infinity-redux\Library\PackageCache\com.unity.test-framework@7a3849e09bd0)
    com.unity.timeline@6.6.0 (location: C:\Users\cld-main\Desktop\github-projects\infinity-redux\Library\PackageCache\com.unity.timeline@281d5f7e7d7d)
    com.unity.ugui@2.6.0 (location: C:\Users\cld-main\Desktop\github-projects\infinity-redux\Library\PackageCache\com.unity.ugui@23caec89ae27)
    com.unity.ext.nunit@2.1.0 (location: C:\Users\cld-main\Desktop\github-projects\infinity-redux\Library\PackageCache\com.unity.ext.nunit@0198eae3b53e)
    com.unity.render-pipelines.core@17.6.0 (location: C:\Users\cld-main\Desktop\github-projects\infinity-redux\Library\PackageCache\com.unity.render-pipelines.core@2d66c71e606e)
    com.unity.shadergraph@17.6.0 (location: C:\Users\cld-main\Desktop\github-projects\infinity-redux\Library\PackageCache\com.unity.shadergraph@ef6135652377)
    com.unity.render-pipelines.universal-config@17.6.0 (location: C:\Users\cld-main\Desktop\github-projects\infinity-redux\Library\PackageCache\com.unity.render-pipelines.universal-config@561422b74439)
    com.unity.modules.subsystems@1.0.0 (location: C:\Users\cld-main\Desktop\github-projects\infinity-redux\Library\PackageCache\com.unity.modules.subsystems)
    com.unity.modules.hierarchycore@1.0.0 (location: C:\Users\cld-main\Desktop\github-projects\infinity-redux\Library\PackageCache\com.unity.modules.hierarchycore)
    com.unity.graph-authoring@1.0.0 (location: C:\Users\cld-main\Desktop\github-projects\infinity-redux\Library\PackageCache\com.unity.graph-authoring@cfd2588851ee)
    com.unity.burst@2.0.0 (location: C:\Users\cld-main\Desktop\github-projects\infinity-redux\Library\PackageCache\com.unity.burst@626e66ab421b)
    com.unity.collections@6.6.0 (location: C:\Users\cld-main\Desktop\github-projects\infinity-redux\Library\PackageCache\com.unity.collections@10fff0607388)
    com.unity.mathematics@1.4.0 (location: C:\Users\cld-main\Desktop\github-projects\infinity-redux\Library\PackageCache\com.unity.mathematics@8306a64d0cd6)
    com.unity.test-framework.performance@6.6.0 (location: C:\Users\cld-main\Desktop\github-projects\infinity-redux\Library\PackageCache\com.unity.test-framework.performance@0a60b857a52e)
[Subsystems] No new subsystems found in resolved package list.
[Package Manager] Done registering packages in 0.02 seconds
Assembly reference Packages/com.unity.cinemachine/Editor/Samples/ExposeHDRPInternals/HDRP-Editor-ref.asmref has no target assembly definition
Assembly reference Packages/com.unity.cinemachine/Editor/Samples/ExposeHDRPInternals/HDRP-Editor-ref.asmref has no target assembly definition
Starting: C:\Program Files\Unity\Hub\Editor\6000.6.0f1\Editor\Data\Tools\BuildPipeline\bee_backend.exe --ipc --defer-dag-verification --dagfile="Library/Bee/1900b0aE.dag" --continue-on-failure --profile="Library/Bee/backend1.traceevents" ScriptAssemblies
WorkingDir: C:/Users/cld-main/Desktop/github-projects/infinity-redux
DisplayProgressbar: Compiling Scripts
ExitCode: 0 Duration: 0s381ms
[ 867/1117  0s] ILPP-Configuration Library/ilpp-configuration.nevergeneratedoutput
*** Tundra build success (0.33 seconds), 1 items updated, 1117 evaluated
AssetDatabase: script compilation time: 1.015230s
Begin MonoManager ReloadAssembly
Assembly reference Packages/com.unity.cinemachine/Editor/Samples/ExposeHDRPInternals/HDRP-Editor-ref.asmref has no target assembly definition
'Packages/com.unity.render-pipelines.core/Editor/Deprecated.cs' contains partial class of Unity.Object, exactly 1 of the partial classes needs to be in a file with the same filename. This is to know the one that can be referenced from ie. GameObjects
'Packages/com.unity.render-pipelines.core/Editor/Deprecated.cs' contains partial class of Unity.Object, exactly 1 of the partial classes needs to be in a file with the same filename. This is to know the one that can be referenced from ie. GameObjects
'Packages/com.unity.cinemachine/Editor/Editors/CinemachineVirtualCameraBaseEditor.cs' contains partial class of Unity.Object, exactly 1 of the partial classes needs to be in a file with the same filename. This is to know the one that can be referenced from ie. GameObjects
'Packages/com.unity.cinemachine/Editor/Obsolete/CinemachineVirtualCameraBaseEditor.cs' contains partial class of Unity.Object, exactly 1 of the partial classes needs to be in a file with the same filename. This is to know the one that can be referenced from ie. GameObjects
Refreshing native plugins compatible for Editor in 2.58 ms, found 3 plugins.
Native extension for AppleTV target not found
Native extension for iOS target not found
Native extension for Android target not found
Native extension for UWP target not found
Native extension for WindowsStandalone target not found
Failed to load: C:/Program Files/Unity/Hub/Editor/6000.6.0f1/Editor/Data/PlaybackEngines/VisionOSPlayer\x64\UnityEditor.VisionOS.Native.dll
Native extension for VisionOS target not found
Native extension for WebGL target not found
ScheduleIndexationOnStartup MainProcess:True IndexOnStartup:True
Scripting: successfully reloaded assembly
- Finished resetting the current domain, in  1.417 seconds
Domain Reload Profiling: 3177ms
	BeginReloadAssembly (457ms)
		DisableScriptedObjects (61ms)
		CreateAndSetChildDomain (162ms)
	RebuildCommonClasses (16ms)
	RebuildNativeTypeToScriptingClass (32ms)
	initialDomainReloadingComplete (164ms)
	LoadAllAssembliesAndSetupDomain (1091ms)
		LoadAssemblies (605ms)
		TypeCache.Refresh (313ms)
			TypeCache.ScanAssembly (289ms)
		AnalyzeDomain (100ms)
			BuildScriptInfoCaches (89ms)
			ResolveRequiredComponents (8ms)
	FinalizeReload (1418ms)
		SetupLoadedEditorAssemblies (0ms)
			LogAssemblyErrors (4ms)
			InitializePlatformSupportModulesInManaged (24ms)
			BeforeProcessingInitializeOnLoad (133ms)
			ProcessInitializeOnLoadAttributes (535ms)
			ProcessInitializeOnLoadMethodAttributes (160ms)
			AfterProcessingInitializeOnLoad (11ms)
		AwakeInstancesAfterBackupRestoration (39ms)
Starting new worker id: 0 with log in C:/Users/cld-main/Desktop/github-projects/infinity-redux/Logs/AssetImportWorkerHW0.log

Asset Pipeline Refresh (id=28f537d308825354cad61e77d6ffc935): Total: 5.052 seconds - Initiated by InitialRefreshV2(ForceSynchronousImport)
	(Values over 0.05ms)
	Summary:
		Imports: total=0 (actual=0, local cache=0, cache server=0)
		Asset DB Process Time: managed=0 ms, native=2016 ms
		Asset DB Callback time: managed=64 ms, native=23 ms
		Scripting: domain reloads=1, domain reload time=1863 ms, compile time=1018 ms, other=66 ms
		Project Asset Count: scripts=1394, non-scripts=2471
		Asset File Changes: new=0, changed=0, moved=0, deleted=0
		Scan Filter Count: 0
	InvokePackagesCallback: 25.612ms
	ApplyChangesToAssetFolders: 0.890ms
	Scan: 138.949ms
	Collect global state as custom dependencies: 24.621ms
	CategorizeScriptCompilationAssets: 54.733ms
	ProcessAssetsWithTransientArtifactChanges: 93.511ms
	CategorizeAssets: 71.687ms
	CompileScripts: 1017.525ms
	ImportOutOfDateAssets: 1448.051ms (1427.605ms without children)
		ReloadNativeAssets: 0.079ms
		UnloadImportedAssets: 3.587ms
		EnsureUptoDateAssetsAreRegisteredWithGuidPM: 1.293ms
		ImportSchedulerStart: 15.477ms
	PostProcessAllAssets: 64.577ms
		MonoPostProcessAllAssets: 64.440ms
			UniversalRenderPipelineGlobalSettingsPostprocessor.OnPostprocessAllAssets 31.451ms
			SyncVS.PostprocessSyncProject 5.750ms
			SpeedTree9Postprocessor.OnPostprocessAllAssets 3.459ms
			WindowAssetPostprocessingWatcher.OnPostprocessAllAssets 1.794ms
			EditModeScopePostprocessor.OnPostprocessAllAssets 1.366ms
			RenderPipelineGlobalSettingsPostprocessor.OnPostprocessAllAssets 0.797ms
			ShaderReflectionAssetPostProcessor.OnPostprocessAllAssets 0.731ms
			InputActionAssetPostprocessor.OnPostprocessAllAssets 0.596ms
			CinemachineSettings.OnPostprocessAllAssets 0.546ms
			TerrainToolbarOverlayPostProcessor.OnPostprocessAllAssets 0.360ms
			DomainReloadProcessor.OnPostprocessAllAssets 0.330ms
			ProjectSettingsPostprocessor.OnPostprocessAllAssets 0.305ms
			ReferencedClipsPostProcessor.OnPostprocessAllAssets 0.243ms
			AssetDatabaseCallbacks.OnPostprocessAllAssets 0.156ms
	UnloadStreamsBegin: 1.892ms
	PersistCurrentRevisions: 0.221ms
	GenerateScriptTypeHashes: 1.875ms
	GenerateScriptTypeSerializationHashes: 3.031ms
	Untracked: 2077.094ms

Application.AssetDatabase Initial Refresh End
Launched and connected shader compiler UnityShaderCompiler.exe after 0.02 seconds
Scanning for USB devices : 4.262ms
Initializing Unity extensions:
[MODES] ModeService[none].Initialize
[MODES] ModeService[none].LoadModes
[MODES] Loading mode Default (0) for mode-current-id-Forever We Reign
Unloading 66 Unused Serialized files (Serialized files now loaded: 0)
Unloading 6339 unused Assets / (10.9 MB). Loaded Objects now: 7292.
Memory consumption went from 429.4 MB to 418.6 MB.
Total: 14.983400 ms (FindLiveObjects: 0.755000 ms CreateObjectMapping: 0.441700 ms MarkObjects: 9.613800 ms  DeleteObjects: 3.899300 ms)

[Project] Loading completed in 9.548 seconds
	Project init time: 				8.611 seconds
		Template init time: 		0.000 seconds
		Package Manager init time: 		0.263 seconds
		Asset Database init time: 		0.349 seconds
		Global illumination init time: 	0.003 seconds
		Assemblies load time: 			1.701 seconds
		Unity extensions init time: 	0.048 seconds
		Asset Database refresh time: 	5.052 seconds
	Scene opening time: 			0.338 seconds
##utp:{"type":"ProjectInfo","version":2,"phase":"Immediate","time":1790737139656,"processId":68212,"projectLoad":9.548199599999998,"projectInit":8.6113361,"templateInit":0.0,"packageManagerInit":0.2631145,"assetDatabaseInit":0.3487972,"globalIlluminationInit":0.0031435,"assembliesLoad":1.7010595,"unityExtensionsInit":0.0477664,"assetDatabaseRefresh":5.0520061,"sceneOpening":0.3380179}
##utp:{"type":"EditorInfo","version":2,"phase":"Immediate","time":1790737139656,"processId":68212,"editorVersion":"6000.6.0f1 (f7f8ed4d1e24)","branch":"6000.6/respin/6000.6.0f1-fa21a270ab12","buildType":"Release","platform":"Windows"}
[Licensing::Client] Successfully resolved entitlement details
Running tests for ExecutionSettings with details:
targetPlatform = 
playerHeartbeatTimeout = 600
filters[0] = 
   Filter with settings:
   testMode = PlayMode
   targetPlatform = 
   testNames = null
   groupNames = null
   categoryNames = null
   assemblyNames = Praxen.Game.Tests.PlayMode
ignoreTests = {}
featureFlags = null

UnityEngine.Debug:ExtractStackTraceNoAlloc (byte*,int,string)
UnityEngine.StackTraceUtility:ExtractStackTrace ()
UnityEngine.DebugLogHandler:Internal_Log (UnityEngine.LogType,UnityEngine.LogOption,string,UnityEngine.Object)
UnityEngine.DebugLogHandler:LogFormat (UnityEngine.LogType,UnityEngine.Object,string,object[])
UnityEngine.Logger:Log (UnityEngine.LogType,object)
UnityEngine.Debug:Log (object)
UnityEditor.TestTools.TestRunner.CommandLineTest.Executer:InitializeAndExecuteRun (string[]) (at ./Library/PackageCache/com.unity.test-framework@7a3849e09bd0/UnityEditor.TestRunner/CommandLineTest/Executer.cs:53)
UnityEditor.TestTools.TestRunner.CommandLineTest.TestStarter:InitializeAndExecuteRun () (at ./Library/PackageCache/com.unity.test-framework@7a3849e09bd0/UnityEditor.TestRunner/CommandLineTest/TestStarter.cs:64)
UnityEditor.EditorApplication:Internal_CallUpdateFunctions ()

(Filename: ./Library/PackageCache/com.unity.test-framework@7a3849e09bd0/UnityEditor.TestRunner/CommandLineTest/Executer.cs Line: 53)

Start Indexing on Editor startup
[Indexing] Starting Initial Indexing for Assets
[UnityConnectServicesConfig] config is NOT valid, switching to default
Created GICache directory at C:/Users/cld-main/AppData/LocalLow/Unity/Caches/GiCache. Took: 0.026s, timestamps: [9.555 - 9.581]
[Licensing::Client] Successfully resolved entitlement details
[Licensing::Client] Successfully resolved entitlement details
Unloading 9 Unused Serialized files (Serialized files now loaded: 0)
Unloading 7 unused Assets / (323.3 KB). Loaded Objects now: 7448.
Memory consumption went from 431.1 MB to 430.8 MB.
Total: 11.131600 ms (FindLiveObjects: 0.517800 ms CreateObjectMapping: 0.224800 ms MarkObjects: 9.869200 ms  DeleteObjects: 0.251900 ms)

Importing 'GUID: 5fdb823d6bd0ba34790575a7bfede744 - Path: Assets/InitTestScene50024ae3-07bd-4afd-b970-60436a508ef5.unity' with importer (DefaultImporter)
Imported 'GUID: 5fdb823d6bd0ba34790575a7bfede744' -> (Import Result ID: 'eef59e16e9f98f710c1de5c8f293d65d') in 0.006 seconds [static dependencies only]. Details - ImportResultOutputID=bbe4184d3587d8982a1029678da7fd94 DependenciesID=043fa2e237a69f1d22fc665d6de49e65 StaticDependenciesID=0db43f2d5e0129885adc5a84dc59c0db 
Refreshing native plugins compatible for Editor in 2.22 ms, found 3 plugins.
Asset Pipeline Refresh (id=fdd85a371cc1aa0419d31ef4650b3aab): Total: 0.222 seconds - Initiated by StopAssetImportingV2(NoUpdateAssetOptions)
Executing IPrebuildSetup for: Unity.PerformanceTesting.Editor.TestRunBuilder.
UnityEngine.Debug:ExtractStackTraceNoAlloc (byte*,int,string)
UnityEngine.StackTraceUtility:ExtractStackTrace ()
UnityEngine.DebugLogHandler:Internal_Log (UnityEngine.LogType,UnityEngine.LogOption,string,UnityEngine.Object)
UnityEngine.DebugLogHandler:LogFormat (UnityEngine.LogType,UnityEngine.Object,string,object[])
UnityEngine.Logger:Log (UnityEngine.LogType,object)
UnityEngine.Debug:Log (object)
UnityEditor.TestTools.TestRunner.TestRun.Tasks.BuildActionTaskBase`1/<ExecuteMethods>d__8<UnityEngine.TestTools.IPrebuildSetup>:MoveNext () (at ./Library/PackageCache/com.unity.test-framework@7a3849e09bd0/UnityEditor.TestRunner/TestRun/Tasks/BuildActionTaskBase.cs:48)
UnityEditor.TestTools.TestRunner.TestRun.Tasks.BuildActionTaskBase`1/<Execute>d__7<UnityEngine.TestTools.IPrebuildSetup>:MoveNext () (at ./Library/PackageCache/com.unity.test-framework@7a3849e09bd0/UnityEditor.TestRunner/TestRun/Tasks/BuildActionTaskBase.cs:34)
UnityEditor.TestTools.TestRunner.TestRun.TestJobRunner:ExecuteStep () (at ./Library/PackageCache/com.unity.test-framework@7a3849e09bd0/UnityEditor.TestRunner/TestRun/TestJobRunner.cs:194)
UnityEditor.TestTools.TestRunner.TestRun.TestJobRunner:ExecuteCallback () (at ./Library/PackageCache/com.unity.test-framework@7a3849e09bd0/UnityEditor.TestRunner/TestRun/TestJobRunner.cs:129)
UnityEditor.EditorApplication:Internal_CallUpdateFunctions ()

(Filename: ./Library/PackageCache/com.unity.test-framework@7a3849e09bd0/UnityEditor.TestRunner/TestRun/Tasks/BuildActionTaskBase.cs Line: 48)

Entering Playmode with Reload Domain disabled.
If you experience any issues, please disable "Enter Play Mode Options" in Editor Settings
Entering Playmode with Reload Scene disabled. If you experience any issues, please disable "Enter Play Mode Options" in Editor Settings
Unloading 28 Unused Serialized files (Serialized files now loaded: 0)
UnloadTime: 2.105000 ms
Loaded scene 'Assets/Game/Scenes/Bootstrap.unity'
	Deserialize:            2.174 ms
	Integration:            79.390 ms
	Integration of assets:  0.016 ms
	Thread Wait Time:       0.758 ms
	Total Operation Time:   82.338 ms
Unloading 169 unused Assets / (1.3 MB). Loaded Objects now: 7521.
Memory consumption went from 448.8 MB to 447.6 MB.
Total: 14.693400 ms (FindLiveObjects: 0.533300 ms CreateObjectMapping: 0.222400 ms MarkObjects: 12.322100 ms  DeleteObjects: 1.360400 ms)

Starting new worker id: 1 with log in C:/Users/cld-main/Desktop/github-projects/infinity-redux/Logs/AssetImportWorkerHW1.log
Unloading 2 Unused Serialized files (Serialized files now loaded: 0)
UnloadTime: 0.223300 ms
Loaded scene 'Assets/Game/Scenes/Bootstrap.unity'
	Deserialize:            0.821 ms
	Integration:            14.351 ms
	Integration of assets:  0.002 ms
	Thread Wait Time:       1.175 ms
	Total Operation Time:   16.350 ms
Unloading 11 unused Assets / (8.1 KB). Loaded Objects now: 7521.
Memory consumption went from 446.1 MB to 446.1 MB.
Total: 13.225900 ms (FindLiveObjects: 0.735500 ms CreateObjectMapping: 0.175200 ms MarkObjects: 12.020300 ms  DeleteObjects: 0.045800 ms)

Unloading 1 Unused Serialized files (Serialized files now loaded: 0)
UnloadTime: 0.563000 ms
Loaded scene 'Assets/Game/Scenes/Bootstrap.unity'
	Deserialize:            0.846 ms
	Integration:            13.848 ms
	Integration of assets:  0.002 ms
	Thread Wait Time:       0.511 ms
	Total Operation Time:   15.207 ms
Unloading 11 unused Assets / (8.1 KB). Loaded Objects now: 7521.
Memory consumption went from 446.1 MB to 446.1 MB.
Total: 16.240100 ms (FindLiveObjects: 1.275100 ms CreateObjectMapping: 0.422800 ms MarkObjects: 14.230300 ms  DeleteObjects: 0.053500 ms)

Unloading 1 Unused Serialized files (Serialized files now loaded: 0)
UnloadTime: 0.344500 ms
Loaded scene 'Assets/Game/Scenes/Bootstrap.unity'
	Deserialize:            0.687 ms
	Integration:            13.187 ms
	Integration of assets:  0.002 ms
	Thread Wait Time:       0.591 ms
	Total Operation Time:   14.467 ms
Unloading 11 unused Assets / (8.1 KB). Loaded Objects now: 7521.
Memory consumption went from 446.1 MB to 446.1 MB.
Total: 12.732300 ms (FindLiveObjects: 0.457200 ms CreateObjectMapping: 0.179500 ms MarkObjects: 11.691800 ms  DeleteObjects: 0.079100 ms)

Unloading 1 Unused Serialized files (Serialized files now loaded: 0)
UnloadTime: 0.345100 ms
Loaded scene 'Assets/Game/Scenes/Bootstrap.unity'
	Deserialize:            0.879 ms
	Integration:            11.794 ms
	Integration of assets:  0.001 ms
	Thread Wait Time:       0.788 ms
	Total Operation Time:   13.464 ms
Unloading 11 unused Assets / (8.1 KB). Loaded Objects now: 7521.
Memory consumption went from 446.1 MB to 446.1 MB.
Total: 14.094600 ms (FindLiveObjects: 0.604300 ms CreateObjectMapping: 0.247600 ms MarkObjects: 12.912100 ms  DeleteObjects: 0.063500 ms)

Unloading 1 Unused Serialized files (Serialized files now loaded: 0)
UnloadTime: 0.473800 ms
Loaded scene 'Assets/Game/Scenes/Bootstrap.unity'
	Deserialize:            0.885 ms
	Integration:            12.981 ms
	Integration of assets:  0.002 ms
	Thread Wait Time:       0.655 ms
	Total Operation Time:   14.523 ms
Unloading 11 unused Assets / (7.9 KB). Loaded Objects now: 7521.
Memory consumption went from 446.2 MB to 446.2 MB.
Total: 14.102800 ms (FindLiveObjects: 0.505500 ms CreateObjectMapping: 0.174900 ms MarkObjects: 13.091400 ms  DeleteObjects: 0.053400 ms)

Unloading 1 Unused Serialized files (Serialized files now loaded: 0)
UnloadTime: 0.320900 ms
Loaded scene 'Assets/Game/Scenes/Bootstrap.unity'
	Deserialize:            0.671 ms
	Integration:            12.625 ms
	Integration of assets:  0.002 ms
	Thread Wait Time:       0.516 ms
	Total Operation Time:   13.814 ms
Unloading 11 unused Assets / (8.1 KB). Loaded Objects now: 7521.
Memory consumption went from 446.2 MB to 446.2 MB.
Total: 13.649400 ms (FindLiveObjects: 0.521500 ms CreateObjectMapping: 0.194000 ms MarkObjects: 12.636700 ms  DeleteObjects: 0.046700 ms)

Unloading 1 Unused Serialized files (Serialized files now loaded: 0)
UnloadTime: 0.490900 ms
Loaded scene 'Assets/Game/Scenes/Bootstrap.unity'
	Deserialize:            0.927 ms
	Integration:            13.868 ms
	Integration of assets:  0.002 ms
	Thread Wait Time:       0.869 ms
	Total Operation Time:   15.667 ms
Unloading 11 unused Assets / (8.1 KB). Loaded Objects now: 7521.
Memory consumption went from 446.2 MB to 446.2 MB.
Total: 14.653900 ms (FindLiveObjects: 0.715900 ms CreateObjectMapping: 0.258300 ms MarkObjects: 13.360800 ms  DeleteObjects: 0.045300 ms)

GPU Resident Drawer created.
Unloading 4 Unused Serialized files (Serialized files now loaded: 0)
UnloadTime: 0.916500 ms
Loaded scene 'Assets/Game/Scenes/Bootstrap.unity'
	Deserialize:            0.767 ms
	Integration:            14.612 ms
	Integration of assets:  0.003 ms
	Thread Wait Time:       42.649 ms
	Total Operation Time:   58.032 ms
Unloading 11 unused Assets / (8.1 KB). Loaded Objects now: 7642.
Memory consumption went from 484.0 MB to 484.0 MB.
Total: 16.166800 ms (FindLiveObjects: 0.529500 ms CreateObjectMapping: 0.175500 ms MarkObjects: 15.113500 ms  DeleteObjects: 0.069400 ms)

Unloading 1 Unused Serialized files (Serialized files now loaded: 0)
UnloadTime: 0.781000 ms
Loaded scene 'Assets/Game/Scenes/Bootstrap.unity'
	Deserialize:            0.932 ms
	Integration:            16.039 ms
	Integration of assets:  0.004 ms
	Thread Wait Time:       1.750 ms
	Total Operation Time:   18.725 ms
Unloading 11 unused Assets / (8.1 KB). Loaded Objects now: 7642.
Memory consumption went from 484.0 MB to 484.0 MB.
Total: 15.013200 ms (FindLiveObjects: 0.633200 ms CreateObjectMapping: 0.209000 ms MarkObjects: 13.822900 ms  DeleteObjects: 0.076500 ms)

Unloading 1 Unused Serialized files (Serialized files now loaded: 0)
UnloadTime: 0.630300 ms
Loaded scene 'Assets/Game/Scenes/Bootstrap.unity'
	Deserialize:            0.864 ms
	Integration:            14.622 ms
	Integration of assets:  0.003 ms
	Thread Wait Time:       1.088 ms
	Total Operation Time:   16.576 ms
Unloading 11 unused Assets / (Unknown). Loaded Objects now: 7642.
Memory consumption went from 484.3 MB to 484.6 MB.
Total: 16.472400 ms (FindLiveObjects: 0.581200 ms CreateObjectMapping: 0.178500 ms MarkObjects: 15.323000 ms  DeleteObjects: 0.084300 ms)

Unloading 1 Unused Serialized files (Serialized files now loaded: 0)
UnloadTime: 0.565600 ms
Loaded scene 'Assets/Game/Scenes/Bootstrap.unity'
	Deserialize:            0.839 ms
	Integration:            18.438 ms
	Integration of assets:  0.004 ms
	Thread Wait Time:       1.675 ms
	Total Operation Time:   20.957 ms
Unloading 11 unused Assets / (8.1 KB). Loaded Objects now: 7642.
Memory consumption went from 484.6 MB to 484.6 MB.
Total: 18.682800 ms (FindLiveObjects: 0.800300 ms CreateObjectMapping: 0.919600 ms MarkObjects: 16.412800 ms  DeleteObjects: 0.127000 ms)

Unloading 1 Unused Serialized files (Serialized files now loaded: 0)
UnloadTime: 0.896500 ms
Worker ready: AssetImportWorkerHW0 0
Loaded scene 'Assets/Game/Scenes/Bootstrap.unity'
	Deserialize:            1.341 ms
	Integration:            18.117 ms
	Integration of assets:  0.005 ms
	Thread Wait Time:       2.263 ms
	Total Operation Time:   21.726 ms
Unloading 11 unused Assets / (8.1 KB). Loaded Objects now: 7642.
Memory consumption went from 484.6 MB to 484.6 MB.
Total: 19.580900 ms (FindLiveObjects: 0.854300 ms CreateObjectMapping: 0.328900 ms MarkObjects: 18.007000 ms  DeleteObjects: 0.080300 ms)

Unloading 1 Unused Serialized files (Serialized files now loaded: 0)
UnloadTime: 0.714300 ms
Loaded scene 'Assets/Game/Scenes/Bootstrap.unity'
	Deserialize:            0.786 ms
	Integration:            16.408 ms
	Integration of assets:  0.002 ms
	Thread Wait Time:       1.616 ms
	Total Operation Time:   18.813 ms
Unloading 11 unused Assets / (8.1 KB). Loaded Objects now: 7642.
Memory consumption went from 484.7 MB to 484.7 MB.
Total: 16.562200 ms (FindLiveObjects: 0.609900 ms CreateObjectMapping: 0.202300 ms MarkObjects: 15.385200 ms  DeleteObjects: 0.070300 ms)

Unloading 1 Unused Serialized files (Serialized files now loaded: 0)
UnloadTime: 0.655700 ms
Loaded scene 'Assets/Game/Scenes/Bootstrap.unity'
	Deserialize:            1.001 ms
	Integration:            15.252 ms
	Integration of assets:  0.003 ms
	Thread Wait Time:       1.916 ms
	Total Operation Time:   18.171 ms
Unloading 11 unused Assets / (8.1 KB). Loaded Objects now: 7642.
Memory consumption went from 484.7 MB to 484.7 MB.
Total: 15.534300 ms (FindLiveObjects: 0.637500 ms CreateObjectMapping: 0.222000 ms MarkObjects: 14.331200 ms  DeleteObjects: 0.072400 ms)

Unloading 1 Unused Serialized files (Serialized files now loaded: 0)
UnloadTime: 0.527200 ms
Loaded scene 'Assets/Game/Scenes/Bootstrap.unity'
	Deserialize:            0.925 ms
	Integration:            13.554 ms
	Integration of assets:  0.002 ms
	Thread Wait Time:       1.142 ms
	Total Operation Time:   15.623 ms
Unloading 11 unused Assets / (8.1 KB). Loaded Objects now: 7642.
Memory consumption went from 484.7 MB to 484.7 MB.
Total: 15.925300 ms (FindLiveObjects: 0.609900 ms CreateObjectMapping: 0.167900 ms MarkObjects: 14.830600 ms  DeleteObjects: 0.056100 ms)

Unloading 1 Unused Serialized files (Serialized files now loaded: 0)
UnloadTime: 0.548400 ms
Loaded scene 'Assets/Game/Scenes/Bootstrap.unity'
	Deserialize:            1.156 ms
	Integration:            13.668 ms
	Integration of assets:  0.003 ms
	Thread Wait Time:       1.342 ms
	Total Operation Time:   16.169 ms
Unloading 11 unused Assets / (8.1 KB). Loaded Objects now: 7642.
Memory consumption went from 484.7 MB to 484.7 MB.
Total: 17.728800 ms (FindLiveObjects: 0.581900 ms CreateObjectMapping: 0.243700 ms MarkObjects: 16.567700 ms  DeleteObjects: 0.062900 ms)

Unloading 1 Unused Serialized files (Serialized files now loaded: 0)
UnloadTime: 0.513100 ms
Loaded scene 'Assets/Game/Scenes/GrayboxEncounter.unity'
	Deserialize:            1.435 ms
	Integration:            69.630 ms
	Integration of assets:  0.003 ms
	Thread Wait Time:       1.120 ms
	Total Operation Time:   72.187 ms
Unloading 11 unused Assets / (8.1 KB). Loaded Objects now: 7962.
Memory consumption went from 490.0 MB to 490.0 MB.
Total: 16.026700 ms (FindLiveObjects: 0.670200 ms CreateObjectMapping: 0.183300 ms MarkObjects: 14.820300 ms  DeleteObjects: 0.059500 ms)

Unloading 2 Unused Serialized files (Serialized files now loaded: 0)
UnloadTime: 1.931900 ms
Loaded scene 'Assets/Game/Scenes/GrayboxEncounter.unity'
	Deserialize:            0.858 ms
	Integration:            20.500 ms
	Integration of assets:  0.002 ms
	Thread Wait Time:       0.723 ms
	Total Operation Time:   22.083 ms
Unloading 11 unused Assets / (8.1 KB). Loaded Objects now: 7962.
Memory consumption went from 490.4 MB to 490.4 MB.
Total: 15.860400 ms (FindLiveObjects: 0.657200 ms CreateObjectMapping: 0.244300 ms MarkObjects: 14.618600 ms  DeleteObjects: 0.066100 ms)

Unloading 1 Unused Serialized files (Serialized files now loaded: 0)
UnloadTime: 0.979400 ms
Loaded scene 'Assets/Game/Scenes/GrayboxEncounter.unity'
	Deserialize:            0.893 ms
	Integration:            22.779 ms
	Integration of assets:  0.002 ms
	Thread Wait Time:       0.750 ms
	Total Operation Time:   24.424 ms
Unloading 11 unused Assets / (8.1 KB). Loaded Objects now: 7962.
Memory consumption went from 490.5 MB to 490.5 MB.
Total: 12.361600 ms (FindLiveObjects: 0.529800 ms CreateObjectMapping: 0.215000 ms MarkObjects: 11.237400 ms  DeleteObjects: 0.083900 ms)

Unloading 1 Unused Serialized files (Serialized files now loaded: 0)
UnloadTime: 0.862600 ms
Loaded scene 'Assets/Game/Scenes/GrayboxEncounter.unity'
	Deserialize:            0.842 ms
	Integration:            22.628 ms
	Integration of assets:  0.002 ms
	Thread Wait Time:       0.939 ms
	Total Operation Time:   24.411 ms
Unloading 11 unused Assets / (8.1 KB). Loaded Objects now: 7962.
Memory consumption went from 490.4 MB to 490.4 MB.
Total: 16.908600 ms (FindLiveObjects: 0.763800 ms CreateObjectMapping: 0.338100 ms MarkObjects: 15.445100 ms  DeleteObjects: 0.065300 ms)

Unloading 1 Unused Serialized files (Serialized files now loaded: 0)
UnloadTime: 0.962200 ms
Loaded scene 'Assets/Game/Scenes/GrayboxEncounter.unity'
	Deserialize:            0.755 ms
	Integration:            18.945 ms
	Integration of assets:  0.003 ms
	Thread Wait Time:       0.743 ms
	Total Operation Time:   20.445 ms
Unloading 11 unused Assets / (8.1 KB). Loaded Objects now: 7960.
Memory consumption went from 490.3 MB to 490.3 MB.
Total: 13.345300 ms (FindLiveObjects: 0.538100 ms CreateObjectMapping: 0.201900 ms MarkObjects: 12.279300 ms  DeleteObjects: 0.054900 ms)

Unloading 1 Unused Serialized files (Serialized files now loaded: 0)
UnloadTime: 1.304200 ms
Loaded scene 'Assets/Game/Scenes/GrayboxEncounter.unity'
	Deserialize:            0.923 ms
	Integration:            19.205 ms
	Integration of assets:  0.002 ms
	Thread Wait Time:       1.033 ms
	Total Operation Time:   21.162 ms
Unloading 11 unused Assets / (8.1 KB). Loaded Objects now: 7960.
Memory consumption went from 490.3 MB to 490.3 MB.
Total: 14.320300 ms (FindLiveObjects: 0.576700 ms CreateObjectMapping: 0.175300 ms MarkObjects: 13.250300 ms  DeleteObjects: 0.052800 ms)

Unloading 1 Unused Serialized files (Serialized files now loaded: 0)
UnloadTime: 1.196200 ms
Loaded scene 'Assets/Game/Scenes/GrayboxEncounter.unity'
	Deserialize:            0.941 ms
	Integration:            18.706 ms
	Integration of assets:  0.004 ms
	Thread Wait Time:       2.012 ms
	Total Operation Time:   21.662 ms
Unloading 11 unused Assets / (8.1 KB). Loaded Objects now: 7962.
Memory consumption went from 490.4 MB to 490.3 MB.
Total: 14.276100 ms (FindLiveObjects: 0.554900 ms CreateObjectMapping: 0.184500 ms MarkObjects: 13.236400 ms  DeleteObjects: 0.050500 ms)

Unloading 1 Unused Serialized files (Serialized files now loaded: 0)
UnloadTime: 1.423500 ms
Loaded scene 'Assets/Game/Scenes/GrayboxEncounter.unity'
	Deserialize:            0.985 ms
	Integration:            28.039 ms
	Integration of assets:  0.002 ms
	Thread Wait Time:       1.134 ms
	Total Operation Time:   30.160 ms
Unloading 11 unused Assets / (8.1 KB). Loaded Objects now: 7960.
Memory consumption went from 490.4 MB to 490.4 MB.
Total: 15.300600 ms (FindLiveObjects: 0.492000 ms CreateObjectMapping: 0.195600 ms MarkObjects: 14.287900 ms  DeleteObjects: 0.060400 ms)

Unloading 1 Unused Serialized files (Serialized files now loaded: 0)
UnloadTime: 1.429300 ms
Loaded scene 'Assets/Game/Scenes/Bootstrap.unity'
	Deserialize:            0.811 ms
	Integration:            14.138 ms
	Integration of assets:  0.003 ms
	Thread Wait Time:       1.870 ms
	Total Operation Time:   16.822 ms
Unloading 11 unused Assets / (8.1 KB). Loaded Objects now: 7645.
Memory consumption went from 490.1 MB to 490.1 MB.
Total: 14.838200 ms (FindLiveObjects: 0.518500 ms CreateObjectMapping: 0.210200 ms MarkObjects: 13.701100 ms  DeleteObjects: 0.070700 ms)

Unloading 1 Unused Serialized files (Serialized files now loaded: 0)
UnloadTime: 0.562100 ms
Loaded scene 'Assets/Game/Scenes/Bootstrap.unity'
	Deserialize:            0.687 ms
	Integration:            12.781 ms
	Integration of assets:  0.002 ms
	Thread Wait Time:       0.848 ms
	Total Operation Time:   14.318 ms
Unloading 11 unused Assets / (8.1 KB). Loaded Objects now: 7645.
Memory consumption went from 490.0 MB to 490.0 MB.
Total: 13.057200 ms (FindLiveObjects: 0.474200 ms CreateObjectMapping: 0.157700 ms MarkObjects: 12.081400 ms  DeleteObjects: 0.064400 ms)

Unloading 1 Unused Serialized files (Serialized files now loaded: 0)
UnloadTime: 0.555900 ms
Loaded scene 'Assets/Game/Scenes/GrayboxEncounter.unity'
	Deserialize:            0.728 ms
	Integration:            19.727 ms
	Integration of assets:  0.003 ms
	Thread Wait Time:       1.163 ms
	Total Operation Time:   21.621 ms
Unloading 11 unused Assets / (8.1 KB). Loaded Objects now: 7962.
Memory consumption went from 490.5 MB to 490.5 MB.
Total: 14.374800 ms (FindLiveObjects: 0.597600 ms CreateObjectMapping: 0.213600 ms MarkObjects: 13.261000 ms  DeleteObjects: 0.049300 ms)

Unloading 1 Unused Serialized files (Serialized files now loaded: 0)
UnloadTime: 1.036700 ms
Loaded scene 'Assets/Game/Scenes/GrayboxEncounter.unity'
	Deserialize:            0.934 ms
	Integration:            19.214 ms
	Integration of assets:  0.003 ms
	Thread Wait Time:       0.773 ms
	Total Operation Time:   20.924 ms
Unloading 11 unused Assets / (8.1 KB). Loaded Objects now: 7962.
Memory consumption went from 490.7 MB to 490.7 MB.
Total: 14.123100 ms (FindLiveObjects: 0.602900 ms CreateObjectMapping: 0.191700 ms MarkObjects: 13.027600 ms  DeleteObjects: 0.046400 ms)

Unloading 1 Unused Serialized files (Serialized files now loaded: 0)
UnloadTime: 0.848000 ms
Loaded scene 'Assets/Game/Scenes/GrayboxEncounter.unity'
	Deserialize:            0.927 ms
	Integration:            18.986 ms
	Integration of assets:  0.002 ms
	Thread Wait Time:       0.686 ms
	Total Operation Time:   20.601 ms
Unloading 11 unused Assets / (8.1 KB). Loaded Objects now: 7962.
Memory consumption went from 490.7 MB to 490.7 MB.
Total: 15.294000 ms (FindLiveObjects: 0.538700 ms CreateObjectMapping: 0.193600 ms MarkObjects: 14.262200 ms  DeleteObjects: 0.048500 ms)

Unloading 1 Unused Serialized files (Serialized files now loaded: 0)
UnloadTime: 0.746300 ms
Loaded scene 'Assets/Game/Scenes/GrayboxEncounter.unity'
	Deserialize:            0.922 ms
	Integration:            17.529 ms
	Integration of assets:  0.002 ms
	Thread Wait Time:       0.440 ms
	Total Operation Time:   18.893 ms
Unloading 11 unused Assets / (8.1 KB). Loaded Objects now: 7962.
Memory consumption went from 490.7 MB to 490.7 MB.
Total: 14.060100 ms (FindLiveObjects: 0.549300 ms CreateObjectMapping: 0.183900 ms MarkObjects: 13.000200 ms  DeleteObjects: 0.057400 ms)

Unloading 1 Unused Serialized files (Serialized files now loaded: 0)
UnloadTime: 1.308800 ms
Loaded scene 'Assets/Game/Scenes/GrayboxEncounter.unity'
	Deserialize:            0.982 ms
	Integration:            19.425 ms
	Integration of assets:  0.003 ms
	Thread Wait Time:       0.928 ms
	Total Operation Time:   21.338 ms
Unloading 11 unused Assets / (8.1 KB). Loaded Objects now: 7962.
Memory consumption went from 490.8 MB to 490.8 MB.
Total: 15.557200 ms (FindLiveObjects: 0.636600 ms CreateObjectMapping: 0.195000 ms MarkObjects: 14.083400 ms  DeleteObjects: 0.331800 ms)

Unloading 1 Unused Serialized files (Serialized files now loaded: 0)
UnloadTime: 0.848600 ms
Loaded scene 'Assets/Game/Scenes/GrayboxEncounter.unity'
	Deserialize:            0.563 ms
	Integration:            19.118 ms
	Integration of assets:  0.003 ms
	Thread Wait Time:       0.758 ms
	Total Operation Time:   20.441 ms
Unloading 11 unused Assets / (8.1 KB). Loaded Objects now: 7962.
Memory consumption went from 490.8 MB to 490.8 MB.
Total: 13.910300 ms (FindLiveObjects: 0.638900 ms CreateObjectMapping: 0.204400 ms MarkObjects: 12.550600 ms  DeleteObjects: 0.065200 ms)

Unloading 1 Unused Serialized files (Serialized files now loaded: 0)
UnloadTime: 1.128700 ms
Loaded scene 'Assets/Game/Scenes/GrayboxEncounter.unity'
	Deserialize:            0.983 ms
	Integration:            19.876 ms
	Integration of assets:  0.003 ms
	Thread Wait Time:       0.995 ms
	Total Operation Time:   21.856 ms
Unloading 11 unused Assets / (8.1 KB). Loaded Objects now: 7962.
Memory consumption went from 490.8 MB to 490.8 MB.
Total: 15.118300 ms (FindLiveObjects: 0.530900 ms CreateObjectMapping: 0.169800 ms MarkObjects: 13.993500 ms  DeleteObjects: 0.086500 ms)

Unloading 1 Unused Serialized files (Serialized files now loaded: 0)
UnloadTime: 0.994400 ms
Loaded scene 'Assets/Game/Scenes/GrayboxEncounter.unity'
	Deserialize:            0.778 ms
	Integration:            18.503 ms
	Integration of assets:  0.002 ms
	Thread Wait Time:       0.581 ms
	Total Operation Time:   19.863 ms
Unloading 11 unused Assets / (8.1 KB). Loaded Objects now: 7962.
Memory consumption went from 490.8 MB to 490.8 MB.
Total: 14.128400 ms (FindLiveObjects: 0.544000 ms CreateObjectMapping: 0.216200 ms MarkObjects: 13.049500 ms  DeleteObjects: 0.053400 ms)

Unloading 1 Unused Serialized files (Serialized files now loaded: 0)
UnloadTime: 1.119000 ms
Loaded scene 'Assets/Game/Scenes/GrayboxEncounter.unity'
	Deserialize:            0.926 ms
	Integration:            18.670 ms
	Integration of assets:  0.002 ms
	Thread Wait Time:       0.652 ms
	Total Operation Time:   20.249 ms
Unloading 11 unused Assets / (8.1 KB). Loaded Objects now: 7962.
Memory consumption went from 491.0 MB to 491.0 MB.
Total: 12.861200 ms (FindLiveObjects: 0.526300 ms CreateObjectMapping: 0.196100 ms MarkObjects: 11.832200 ms  DeleteObjects: 0.051700 ms)

Unloading 1 Unused Serialized files (Serialized files now loaded: 0)
UnloadTime: 0.950500 ms
Loaded scene 'Assets/Game/Scenes/GrayboxEncounter.unity'
	Deserialize:            0.947 ms
	Integration:            17.936 ms
	Integration of assets:  0.002 ms
	Thread Wait Time:       0.558 ms
	Total Operation Time:   19.442 ms
Unloading 11 unused Assets / (8.1 KB). Loaded Objects now: 7962.
Memory consumption went from 490.9 MB to 490.9 MB.
Total: 14.032500 ms (FindLiveObjects: 0.522400 ms CreateObjectMapping: 0.167300 ms MarkObjects: 13.028900 ms  DeleteObjects: 0.060400 ms)

Worker ready: AssetImportWorkerHW1 1
Unloading 1 Unused Serialized files (Serialized files now loaded: 0)
UnloadTime: 1.030600 ms
Loaded scene 'Assets/Game/Scenes/GrayboxEncounter.unity'
	Deserialize:            0.780 ms
	Integration:            19.120 ms
	Integration of assets:  0.002 ms
	Thread Wait Time:       0.768 ms
	Total Operation Time:   20.671 ms
Unloading 11 unused Assets / (8.1 KB). Loaded Objects now: 7978.
Memory consumption went from 491.8 MB to 491.8 MB.
Total: 16.007300 ms (FindLiveObjects: 0.708700 ms CreateObjectMapping: 0.217900 ms MarkObjects: 14.732200 ms  DeleteObjects: 0.072500 ms)

Unloading 1 Unused Serialized files (Serialized files now loaded: 0)
UnloadTime: 1.230300 ms
Loaded scene 'Assets/Game/Scenes/GrayboxEncounter.unity'
	Deserialize:            0.746 ms
	Integration:            22.992 ms
	Integration of assets:  0.004 ms
	Thread Wait Time:       0.933 ms
	Total Operation Time:   24.675 ms
Unloading 11 unused Assets / (8.1 KB). Loaded Objects now: 7962.
Memory consumption went from 491.9 MB to 491.8 MB.
Total: 17.882300 ms (FindLiveObjects: 0.844400 ms CreateObjectMapping: 0.329500 ms MarkObjects: 16.282500 ms  DeleteObjects: 0.086000 ms)

Unloading 1 Unused Serialized files (Serialized files now loaded: 0)
UnloadTime: 1.233200 ms
Loaded scene 'Assets/Game/Scenes/GrayboxEncounter.unity'
	Deserialize:            1.036 ms
	Integration:            23.511 ms
	Integration of assets:  0.002 ms
	Thread Wait Time:       1.061 ms
	Total Operation Time:   25.610 ms
Unloading 11 unused Assets / (8.1 KB). Loaded Objects now: 7962.
Memory consumption went from 491.9 MB to 491.9 MB.
Total: 18.440800 ms (FindLiveObjects: 0.740600 ms CreateObjectMapping: 0.300900 ms MarkObjects: 17.065000 ms  DeleteObjects: 0.057300 ms)

Unloading 1 Unused Serialized files (Serialized files now loaded: 0)
UnloadTime: 1.026000 ms
Loaded scene 'Assets/Game/Scenes/GrayboxEncounter.unity'
	Deserialize:            0.898 ms
	Integration:            27.849 ms
	Integration of assets:  0.002 ms
	Thread Wait Time:       0.822 ms
	Total Operation Time:   29.571 ms
Unloading 11 unused Assets / (8.1 KB). Loaded Objects now: 7962.
Memory consumption went from 492.0 MB to 491.9 MB.
Total: 20.937100 ms (FindLiveObjects: 0.651700 ms CreateObjectMapping: 0.252300 ms MarkObjects: 19.618900 ms  DeleteObjects: 0.069600 ms)

Unloading 1 Unused Serialized files (Serialized files now loaded: 0)
UnloadTime: 1.260700 ms
Loaded scene 'Assets/Game/Scenes/GrayboxEncounter.unity'
	Deserialize:            0.826 ms
	Integration:            26.633 ms
	Integration of assets:  0.003 ms
	Thread Wait Time:       0.954 ms
	Total Operation Time:   28.417 ms
Unloading 11 unused Assets / (8.1 KB). Loaded Objects now: 7962.
Memory consumption went from 491.9 MB to 491.9 MB.
Total: 18.742600 ms (FindLiveObjects: 0.811000 ms CreateObjectMapping: 0.264700 ms MarkObjects: 17.246600 ms  DeleteObjects: 0.100200 ms)

Unloading 1 Unused Serialized files (Serialized files now loaded: 0)
UnloadTime: 1.681700 ms
Loaded scene 'Assets/Game/Scenes/GrayboxEncounter.unity'
	Deserialize:            1.089 ms
	Integration:            26.337 ms
	Integration of assets:  0.003 ms
	Thread Wait Time:       1.242 ms
	Total Operation Time:   28.671 ms
Unloading 11 unused Assets / (8.1 KB). Loaded Objects now: 7962.
Memory consumption went from 491.9 MB to 491.9 MB.
Total: 18.677800 ms (FindLiveObjects: 0.681100 ms CreateObjectMapping: 0.226900 ms MarkObjects: 17.404300 ms  DeleteObjects: 0.080000 ms)

Unloading 1 Unused Serialized files (Serialized files now loaded: 0)
UnloadTime: 1.332900 ms
Loaded scene 'Assets/Game/Scenes/GrayboxEncounter.unity'
	Deserialize:            1.577 ms
	Integration:            25.854 ms
	Integration of assets:  0.004 ms
	Thread Wait Time:       1.711 ms
	Total Operation Time:   29.146 ms
Unloading 11 unused Assets / (8.1 KB). Loaded Objects now: 7962.
Memory consumption went from 491.9 MB to 491.9 MB.
Total: 18.590000 ms (FindLiveObjects: 0.629600 ms CreateObjectMapping: 0.275700 ms MarkObjects: 17.325800 ms  DeleteObjects: 0.071600 ms)

Unloading 1 Unused Serialized files (Serialized files now loaded: 0)
UnloadTime: 1.024900 ms
Loaded scene 'Assets/Game/Scenes/GrayboxEncounter.unity'
	Deserialize:            0.785 ms
	Integration:            25.008 ms
	Integration of assets:  0.003 ms
	Thread Wait Time:       1.180 ms
	Total Operation Time:   26.976 ms
Unloading 11 unused Assets / (8.1 KB). Loaded Objects now: 7962.
Memory consumption went from 491.9 MB to 491.9 MB.
Total: 18.756700 ms (FindLiveObjects: 0.899300 ms CreateObjectMapping: 0.362300 ms MarkObjects: 17.001300 ms  DeleteObjects: 0.111900 ms)

Unloading 1 Unused Serialized files (Serialized files now loaded: 0)
UnloadTime: 1.127800 ms
Loaded scene 'Assets/Game/Scenes/GrayboxEncounter.unity'
	Deserialize:            0.841 ms
	Integration:            24.533 ms
	Integration of assets:  0.004 ms
	Thread Wait Time:       1.112 ms
	Total Operation Time:   26.489 ms
Unloading 11 unused Assets / (8.1 KB). Loaded Objects now: 7962.
Memory consumption went from 491.9 MB to 491.9 MB.
Total: 19.498700 ms (FindLiveObjects: 0.645100 ms CreateObjectMapping: 0.187100 ms MarkObjects: 18.265800 ms  DeleteObjects: 0.089700 ms)

Unloading 1 Unused Serialized files (Serialized files now loaded: 0)
UnloadTime: 1.234000 ms
Loaded scene 'Assets/Game/Scenes/GrayboxEncounter.unity'
	Deserialize:            0.965 ms
	Integration:            25.653 ms
	Integration of assets:  0.002 ms
	Thread Wait Time:       0.892 ms
	Total Operation Time:   27.512 ms
Unloading 11 unused Assets / (8.1 KB). Loaded Objects now: 7962.
Memory consumption went from 492.2 MB to 492.2 MB.
Total: 19.282900 ms (FindLiveObjects: 0.715200 ms CreateObjectMapping: 0.256700 ms MarkObjects: 17.933400 ms  DeleteObjects: 0.070900 ms)

Unloading 1 Unused Serialized files (Serialized files now loaded: 0)
UnloadTime: 2.290800 ms
Loaded scene 'Assets/Game/Scenes/GrayboxEncounter.unity'
	Deserialize:            1.411 ms
	Integration:            26.739 ms
	Integration of assets:  0.004 ms
	Thread Wait Time:       1.175 ms
	Total Operation Time:   29.328 ms
Unloading 11 unused Assets / (8.1 KB). Loaded Objects now: 7962.
Memory consumption went from 492.1 MB to 492.1 MB.
Total: 14.955400 ms (FindLiveObjects: 0.661000 ms CreateObjectMapping: 0.298100 ms MarkObjects: 13.691800 ms  DeleteObjects: 0.043000 ms)

Unloading 1 Unused Serialized files (Serialized files now loaded: 0)
UnloadTime: 0.760600 ms
Loaded scene 'Assets/Game/Scenes/GrayboxEncounter.unity'
	Deserialize:            0.927 ms
	Integration:            19.422 ms
	Integration of assets:  0.002 ms
	Thread Wait Time:       0.618 ms
	Total Operation Time:   20.970 ms
Unloading 11 unused Assets / (8.1 KB). Loaded Objects now: 7962.
Memory consumption went from 492.1 MB to 492.1 MB.
Total: 14.670900 ms (FindLiveObjects: 0.485700 ms CreateObjectMapping: 0.154500 ms MarkObjects: 13.632200 ms  DeleteObjects: 0.066900 ms)

Unloading 1 Unused Serialized files (Serialized files now loaded: 0)
UnloadTime: 1.153200 ms
Loaded scene 'Assets/Game/Scenes/GrayboxEncounter.unity'
	Deserialize:            0.944 ms
	Integration:            19.672 ms
	Integration of assets:  0.003 ms
	Thread Wait Time:       0.718 ms
	Total Operation Time:   21.337 ms
Unloading 11 unused Assets / (8.1 KB). Loaded Objects now: 7962.
Memory consumption went from 492.1 MB to 492.1 MB.
Total: 14.614700 ms (FindLiveObjects: 0.605200 ms CreateObjectMapping: 0.242200 ms MarkObjects: 13.420700 ms  DeleteObjects: 0.066100 ms)

Unloading 1 Unused Serialized files (Serialized files now loaded: 0)
UnloadTime: 1.281200 ms
Loaded scene 'Assets/Game/Scenes/GrayboxEncounter.unity'
	Deserialize:            1.010 ms
	Integration:            19.901 ms
	Integration of assets:  0.002 ms
	Thread Wait Time:       0.929 ms
	Total Operation Time:   21.843 ms
Unloading 11 unused Assets / (8.1 KB). Loaded Objects now: 7962.
Memory consumption went from 492.9 MB to 492.9 MB.
Total: 13.879000 ms (FindLiveObjects: 0.532900 ms CreateObjectMapping: 0.180200 ms MarkObjects: 12.864700 ms  DeleteObjects: 0.048900 ms)

Unloading 1 Unused Serialized files (Serialized files now loaded: 0)
UnloadTime: 0.987400 ms
Loaded scene 'Assets/Game/Scenes/GrayboxEncounter.unity'
	Deserialize:            0.610 ms
	Integration:            16.599 ms
	Integration of assets:  0.002 ms
	Thread Wait Time:       0.546 ms
	Total Operation Time:   17.756 ms
Unloading 11 unused Assets / (8.1 KB). Loaded Objects now: 7962.
Memory consumption went from 492.9 MB to 492.9 MB.
Total: 17.106200 ms (FindLiveObjects: 0.740500 ms CreateObjectMapping: 0.227400 ms MarkObjects: 15.844300 ms  DeleteObjects: 0.045100 ms)

Unloading 1 Unused Serialized files (Serialized files now loaded: 0)
UnloadTime: 1.075200 ms
Loaded scene 'Assets/Game/Scenes/GrayboxEncounter.unity'
	Deserialize:            0.889 ms
	Integration:            18.942 ms
	Integration of assets:  0.002 ms
	Thread Wait Time:       0.598 ms
	Total Operation Time:   20.431 ms
Unloading 11 unused Assets / (8.1 KB). Loaded Objects now: 7962.
Memory consumption went from 493.1 MB to 493.1 MB.
Total: 14.639100 ms (FindLiveObjects: 0.561500 ms CreateObjectMapping: 0.172100 ms MarkObjects: 13.548800 ms  DeleteObjects: 0.073800 ms)

Unloading 1 Unused Serialized files (Serialized files now loaded: 0)
UnloadTime: 0.904800 ms
Loaded scene 'Assets/Game/Scenes/GrayboxEncounter.unity'
	Deserialize:            1.045 ms
	Integration:            20.636 ms
	Integration of assets:  0.003 ms
	Thread Wait Time:       0.691 ms
	Total Operation Time:   22.375 ms
Unloading 11 unused Assets / (8.1 KB). Loaded Objects now: 7962.
Memory consumption went from 493.2 MB to 493.2 MB.
Total: 15.749300 ms (FindLiveObjects: 0.552800 ms CreateObjectMapping: 0.178100 ms MarkObjects: 14.706500 ms  DeleteObjects: 0.057100 ms)

Unloading 1 Unused Serialized files (Serialized files now loaded: 0)
UnloadTime: 0.745500 ms
Loaded scene 'Assets/Game/Scenes/GrayboxEncounter.unity'
	Deserialize:            0.609 ms
	Integration:            18.974 ms
	Integration of assets:  0.002 ms
	Thread Wait Time:       0.567 ms
	Total Operation Time:   20.150 ms
Unloading 11 unused Assets / (8.1 KB). Loaded Objects now: 7962.
Memory consumption went from 493.1 MB to 493.1 MB.
Total: 14.438800 ms (FindLiveObjects: 0.508600 ms CreateObjectMapping: 0.157500 ms MarkObjects: 13.438000 ms  DeleteObjects: 0.053400 ms)

Unloading 1 Unused Serialized files (Serialized files now loaded: 0)
UnloadTime: 1.615900 ms
Loaded scene 'Assets/Game/Scenes/GrayboxEncounter.unity'
	Deserialize:            0.918 ms
	Integration:            24.426 ms
	Integration of assets:  0.002 ms
	Thread Wait Time:       0.799 ms
	Total Operation Time:   26.145 ms
Unloading 11 unused Assets / (8.1 KB). Loaded Objects now: 7962.
Memory consumption went from 493.1 MB to 493.1 MB.
Total: 18.490000 ms (FindLiveObjects: 0.959700 ms CreateObjectMapping: 0.367800 ms MarkObjects: 16.804800 ms  DeleteObjects: 0.058500 ms)

Unloading 1 Unused Serialized files (Serialized files now loaded: 0)
UnloadTime: 1.549900 ms
Loaded scene 'Assets/Game/Scenes/GrayboxEncounter.unity'
	Deserialize:            1.027 ms
	Integration:            24.997 ms
	Integration of assets:  0.002 ms
	Thread Wait Time:       1.089 ms
	Total Operation Time:   27.116 ms
Unloading 11 unused Assets / (8.1 KB). Loaded Objects now: 7962.
Memory consumption went from 493.1 MB to 493.1 MB.
Total: 15.955600 ms (FindLiveObjects: 0.570200 ms CreateObjectMapping: 0.161600 ms MarkObjects: 14.914700 ms  DeleteObjects: 0.052600 ms)

Unloading 1 Unused Serialized files (Serialized files now loaded: 0)
UnloadTime: 1.075900 ms
Loaded scene 'Assets/Game/Scenes/GrayboxEncounter.unity'
	Deserialize:            0.906 ms
	Integration:            21.227 ms
	Integration of assets:  0.002 ms
	Thread Wait Time:       0.824 ms
	Total Operation Time:   22.960 ms
Unloading 11 unused Assets / (8.1 KB). Loaded Objects now: 7962.
Memory consumption went from 493.1 MB to 493.1 MB.
Total: 15.410900 ms (FindLiveObjects: 0.976600 ms CreateObjectMapping: 0.265100 ms MarkObjects: 13.874200 ms  DeleteObjects: 0.046200 ms)

Unloading 1 Unused Serialized files (Serialized files now loaded: 0)
UnloadTime: 1.044800 ms
Loaded scene 'Assets/Game/Scenes/GrayboxEncounter.unity'
	Deserialize:            0.914 ms
	Integration:            19.491 ms
	Integration of assets:  0.002 ms
	Thread Wait Time:       0.720 ms
	Total Operation Time:   21.126 ms
Unloading 11 unused Assets / (8.1 KB). Loaded Objects now: 7962.
Memory consumption went from 493.1 MB to 493.1 MB.
Total: 15.858600 ms (FindLiveObjects: 0.605300 ms CreateObjectMapping: 0.197200 ms MarkObjects: 14.701800 ms  DeleteObjects: 0.095700 ms)

Unloading 1 Unused Serialized files (Serialized files now loaded: 0)
UnloadTime: 0.775700 ms
Loaded scene 'Assets/Game/Scenes/Bootstrap.unity'
	Deserialize:            0.817 ms
	Integration:            12.773 ms
	Integration of assets:  0.002 ms
	Thread Wait Time:       0.661 ms
	Total Operation Time:   14.252 ms
Unloading 11 unused Assets / (8.1 KB). Loaded Objects now: 7645.
Memory consumption went from 492.6 MB to 492.6 MB.
Total: 13.715600 ms (FindLiveObjects: 0.453600 ms CreateObjectMapping: 0.153600 ms MarkObjects: 12.764300 ms  DeleteObjects: 0.076600 ms)

Unloading 1 Unused Serialized files (Serialized files now loaded: 0)
UnloadTime: 0.489300 ms
Loaded scene 'Assets/Game/Scenes/Bootstrap.unity'
	Deserialize:            0.919 ms
	Integration:            12.715 ms
	Integration of assets:  0.003 ms
	Thread Wait Time:       0.649 ms
	Total Operation Time:   14.286 ms
Unloading 11 unused Assets / (8.1 KB). Loaded Objects now: 7645.
Memory consumption went from 492.5 MB to 492.5 MB.
Total: 14.948800 ms (FindLiveObjects: 0.574700 ms CreateObjectMapping: 0.153700 ms MarkObjects: 13.906900 ms  DeleteObjects: 0.049200 ms)

Unloading 1 Unused Serialized files (Serialized files now loaded: 0)
UnloadTime: 0.391400 ms
Loaded scene 'Assets/Game/Scenes/Bootstrap.unity'
	Deserialize:            0.734 ms
	Integration:            13.184 ms
	Integration of assets:  0.002 ms
	Thread Wait Time:       0.825 ms
	Total Operation Time:   14.744 ms
Unloading 11 unused Assets / (8.1 KB). Loaded Objects now: 7645.
Memory consumption went from 492.5 MB to 492.5 MB.
Total: 16.469300 ms (FindLiveObjects: 0.575800 ms CreateObjectMapping: 0.206000 ms MarkObjects: 15.261000 ms  DeleteObjects: 0.151400 ms)

Unloading 1 Unused Serialized files (Serialized files now loaded: 0)
UnloadTime: 0.359000 ms
Loaded scene 'Assets/Game/Scenes/Bootstrap.unity'
	Deserialize:            0.859 ms
	Integration:            10.287 ms
	Integration of assets:  0.002 ms
	Thread Wait Time:       0.558 ms
	Total Operation Time:   11.706 ms
Unloading 11 unused Assets / (8.1 KB). Loaded Objects now: 7645.
Memory consumption went from 492.5 MB to 492.5 MB.
Total: 14.314700 ms (FindLiveObjects: 0.481100 ms CreateObjectMapping: 0.191100 ms MarkObjects: 13.352100 ms  DeleteObjects: 0.045700 ms)

Unloading 1 Unused Serialized files (Serialized files now loaded: 0)
UnloadTime: 0.774300 ms
Loaded scene 'Assets/Game/Scenes/Bootstrap.unity'
	Deserialize:            0.925 ms
	Integration:            11.631 ms
	Integration of assets:  0.003 ms
	Thread Wait Time:       0.827 ms
	Total Operation Time:   13.386 ms
Unloading 11 unused Assets / (8.1 KB). Loaded Objects now: 7645.
Memory consumption went from 492.5 MB to 492.5 MB.
Total: 15.135000 ms (FindLiveObjects: 0.542100 ms CreateObjectMapping: 0.187800 ms MarkObjects: 14.100400 ms  DeleteObjects: 0.050800 ms)

Unloading 1 Unused Serialized files (Serialized files now loaded: 0)
UnloadTime: 0.585700 ms
Loaded scene 'Assets/Game/Scenes/Bootstrap.unity'
	Deserialize:            0.894 ms
	Integration:            12.670 ms
	Integration of assets:  0.002 ms
	Thread Wait Time:       1.040 ms
	Total Operation Time:   14.606 ms
Unloading 11 unused Assets / (8.1 KB). Loaded Objects now: 7645.
Memory consumption went from 492.5 MB to 492.5 MB.
Total: 13.985600 ms (FindLiveObjects: 0.493200 ms CreateObjectMapping: 0.338400 ms MarkObjects: 12.840700 ms  DeleteObjects: 0.054000 ms)

Unloading 1 Unused Serialized files (Serialized files now loaded: 0)
UnloadTime: 0.485500 ms
Loaded scene 'Assets/Game/Scenes/Bootstrap.unity'
	Deserialize:            0.918 ms
	Integration:            13.737 ms
	Integration of assets:  0.002 ms
	Thread Wait Time:       0.917 ms
	Total Operation Time:   15.573 ms
Unloading 11 unused Assets / (8.1 KB). Loaded Objects now: 7645.
Memory consumption went from 492.7 MB to 492.7 MB.
Total: 13.241800 ms (FindLiveObjects: 0.513000 ms CreateObjectMapping: 0.164700 ms MarkObjects: 12.253500 ms  DeleteObjects: 0.047400 ms)

Unloading 1 Unused Serialized files (Serialized files now loaded: 0)
UnloadTime: 0.382300 ms
Loaded scene 'Assets/Game/Scenes/Bootstrap.unity'
	Deserialize:            0.920 ms
	Integration:            11.057 ms
	Integration of assets:  0.002 ms
	Thread Wait Time:       0.744 ms
	Total Operation Time:   12.723 ms
Unloading 11 unused Assets / (8.1 KB). Loaded Objects now: 7645.
Memory consumption went from 492.7 MB to 492.7 MB.
Total: 14.829500 ms (FindLiveObjects: 0.492900 ms CreateObjectMapping: 0.167300 ms MarkObjects: 13.749600 ms  DeleteObjects: 0.069500 ms)

Unloading 1 Unused Serialized files (Serialized files now loaded: 0)
UnloadTime: 0.443800 ms
Loaded scene 'Assets/Game/Scenes/Bootstrap.unity'
	Deserialize:            0.733 ms
	Integration:            12.590 ms
	Integration of assets:  0.001 ms
	Thread Wait Time:       0.773 ms
	Total Operation Time:   14.098 ms
Unloading 11 unused Assets / (8.1 KB). Loaded Objects now: 7645.
Memory consumption went from 492.7 MB to 492.7 MB.
Total: 15.722400 ms (FindLiveObjects: 0.541100 ms CreateObjectMapping: 0.201000 ms MarkObjects: 14.677700 ms  DeleteObjects: 0.050700 ms)

Unloading 1 Unused Serialized files (Serialized files now loaded: 0)
UnloadTime: 0.403700 ms
Loaded scene 'Assets/Game/Scenes/Bootstrap.unity'
	Deserialize:            0.887 ms
	Integration:            11.891 ms
	Integration of assets:  0.015 ms
	Thread Wait Time:       1.157 ms
	Total Operation Time:   13.950 ms
Unloading 11 unused Assets / (8.1 KB). Loaded Objects now: 7645.
Memory consumption went from 492.7 MB to 492.7 MB.
Total: 14.369500 ms (FindLiveObjects: 0.513600 ms CreateObjectMapping: 0.176800 ms MarkObjects: 13.376300 ms  DeleteObjects: 0.050400 ms)

Unloading 1 Unused Serialized files (Serialized files now loaded: 0)
UnloadTime: 0.572600 ms
Loaded scene 'Assets/Game/Scenes/Bootstrap.unity'
	Deserialize:            0.932 ms
	Integration:            14.009 ms
	Integration of assets:  0.002 ms
	Thread Wait Time:       1.200 ms
	Total Operation Time:   16.144 ms
Unloading 11 unused Assets / (8.1 KB). Loaded Objects now: 7645.
Memory consumption went from 492.7 MB to 492.7 MB.
Total: 14.487300 ms (FindLiveObjects: 0.552900 ms CreateObjectMapping: 0.251700 ms MarkObjects: 13.387100 ms  DeleteObjects: 0.048000 ms)

Unloading 1 Unused Serialized files (Serialized files now loaded: 0)
UnloadTime: 0.696000 ms
Loaded scene 'Assets/Game/Scenes/Bootstrap.unity'
	Deserialize:            0.747 ms
	Integration:            13.789 ms
	Integration of assets:  0.003 ms
	Thread Wait Time:       0.915 ms
	Total Operation Time:   15.454 ms
Unloading 11 unused Assets / (8.1 KB). Loaded Objects now: 7645.
Memory consumption went from 492.7 MB to 492.7 MB.
Total: 13.224200 ms (FindLiveObjects: 0.509900 ms CreateObjectMapping: 0.202800 ms MarkObjects: 12.195400 ms  DeleteObjects: 0.054700 ms)

Unloading 1 Unused Serialized files (Serialized files now loaded: 0)
UnloadTime: 0.494800 ms
Loaded scene 'Assets/Game/Scenes/Bootstrap.unity'
	Deserialize:            0.758 ms
	Integration:            10.647 ms
	Integration of assets:  0.002 ms
	Thread Wait Time:       0.803 ms
	Total Operation Time:   12.210 ms
Unloading 11 unused Assets / (8.1 KB). Loaded Objects now: 7645.
Memory consumption went from 492.7 MB to 492.7 MB.
Total: 15.191800 ms (FindLiveObjects: 0.494700 ms CreateObjectMapping: 0.167600 ms MarkObjects: 14.229800 ms  DeleteObjects: 0.048800 ms)

Saving results to: C:/Users/cld-main/AppData/LocalLow/DefaultCompany/Forever We Reign\TestResults.xml
Saving results to: C:\Users\cld-main\Desktop\github-projects\infinity-redux\output\task-09\review-red.xml
GPU Resident Drawer disposed.
Unloading 1 Unused Serialized files (Serialized files now loaded: 0)
Loaded scene 'Temp/__Backupscenes/0.backup'
	Deserialize:            2.582 ms
	Integration:            11.489 ms
	Integration of assets:  0.003 ms
	Thread Wait Time:       0.013 ms
	Total Operation Time:   14.088 ms
Unloading 0 unused Assets / (0 B). Loaded Objects now: 7466.
Memory consumption went from 488.1 MB to 488.1 MB.
Total: 16.697200 ms (FindLiveObjects: 0.533500 ms CreateObjectMapping: 0.199500 ms MarkObjects: 15.674800 ms  DeleteObjects: 0.018000 ms)

Executing IPostBuildCleanup for: Unity.PerformanceTesting.Editor.TestRunBuilder.
UnityEngine.Debug:ExtractStackTraceNoAlloc (byte*,int,string)
UnityEngine.StackTraceUtility:ExtractStackTrace ()
UnityEngine.DebugLogHandler:Internal_Log (UnityEngine.LogType,UnityEngine.LogOption,string,UnityEngine.Object)
UnityEngine.DebugLogHandler:LogFormat (UnityEngine.LogType,UnityEngine.Object,string,object[])
UnityEngine.Logger:Log (UnityEngine.LogType,object)
UnityEngine.Debug:Log (object)
UnityEditor.TestTools.TestRunner.TestRun.Tasks.BuildActionTaskBase`1/<ExecuteMethods>d__8<UnityEngine.TestTools.IPostBuildCleanup>:MoveNext () (at ./Library/PackageCache/com.unity.test-framework@7a3849e09bd0/UnityEditor.TestRunner/TestRun/Tasks/BuildActionTaskBase.cs:48)
UnityEditor.TestTools.TestRunner.TestRun.Tasks.BuildActionTaskBase`1/<Execute>d__7<UnityEngine.TestTools.IPostBuildCleanup>:MoveNext () (at ./Library/PackageCache/com.unity.test-framework@7a3849e09bd0/UnityEditor.TestRunner/TestRun/Tasks/BuildActionTaskBase.cs:34)
UnityEditor.TestTools.TestRunner.TestRun.TestJobRunner:ExecuteStep () (at ./Library/PackageCache/com.unity.test-framework@7a3849e09bd0/UnityEditor.TestRunner/TestRun/TestJobRunner.cs:194)
UnityEditor.TestTools.TestRunner.TestRun.TestJobRunner:ExecuteCallback () (at ./Library/PackageCache/com.unity.test-framework@7a3849e09bd0/UnityEditor.TestRunner/TestRun/TestJobRunner.cs:129)
UnityEditor.EditorApplication:Internal_CallUpdateFunctions ()

(Filename: ./Library/PackageCache/com.unity.test-framework@7a3849e09bd0/UnityEditor.TestRunner/TestRun/Tasks/BuildActionTaskBase.cs Line: 48)

Unloading 0 Unused Serialized files (Serialized files now loaded: 0)
Unloading 0 unused Assets / (Unknown). Loaded Objects now: 7468.
Memory consumption went from 488.2 MB to 488.2 MB.
Total: 15.756800 ms (FindLiveObjects: 0.545100 ms CreateObjectMapping: 0.203800 ms MarkObjects: 14.704200 ms  DeleteObjects: 0.029500 ms)

Asset Pipeline Refresh (id=4b4c3ec618a455649a06632f2ef773f4): Total: 0.065 seconds - Initiated by StopAssetImportingV2(NoUpdateAssetOptions)
DisplayProgressbar: Undo
Test run completed. Exiting with code 2 (Failed). One or more tests failed.
UnityEngine.Debug:ExtractStackTraceNoAlloc (byte*,int,string)
UnityEngine.StackTraceUtility:ExtractStackTrace ()
UnityEngine.DebugLogHandler:Internal_Log (UnityEngine.LogType,UnityEngine.LogOption,string,UnityEngine.Object)
UnityEngine.DebugLogHandler:LogFormat (UnityEngine.LogType,UnityEngine.Object,string,object[])
UnityEngine.Logger:Log (UnityEngine.LogType,object)
UnityEngine.Debug:Log (object)
UnityEditor.TestTools.TestRunner.CommandLineTest.Executer:ExitApplication (UnityEditor.TestTools.TestRunner.CommandLineTest.Executer/ReturnCodes,string) (at ./Library/PackageCache/com.unity.test-framework@7a3849e09bd0/UnityEditor.TestRunner/CommandLineTest/Executer.cs:81)
UnityEditor.TestTools.TestRunner.CommandLineTest.Executer:ExitIfRunIsCompleted () (at ./Library/PackageCache/com.unity.test-framework@7a3849e09bd0/UnityEditor.TestRunner/CommandLineTest/Executer.cs:74)
UnityEditor.EditorApplication:Internal_CallUpdateFunctions ()

(Filename: ./Library/PackageCache/com.unity.test-framework@7a3849e09bd0/UnityEditor.TestRunner/CommandLineTest/Executer.cs Line: 81)

MonoPathRemapper: Attempts to remap: 42458; Successful remaps: 26460
Serialized file version minimum: 22, current 23
Killing ADB server in 2.0900666 seconds.
Importing 'GUID: 00000000000000004000000000000000 - Path: ProjectSettings/ProjectSettings.asset' with importer (LibraryAssetImporter)
Imported 'GUID: 00000000000000004000000000000000' -> (Import Result ID: 'b042e42809de60d5085f0b19a59d884f') in 0.002 seconds [static dependencies only]. Details - ImportResultOutputID=054c890a8f4b6dddbea933bc5e4b7df4 DependenciesID=5e44b4fdfc7d3f075e63537dfe1ca71c StaticDependenciesID=3865df0492b23396d3e8e143daf67e4d 
Refreshing native plugins compatible for Editor in 2.10 ms, found 3 plugins.
Asset Pipeline Refresh (id=9c1c75a5f141d4a40b54a147d4b07d05): Total: 0.023 seconds - Initiated by StopAssetImportingV2(NoUpdateAssetOptions)
[Physics::Module] Cleanup current backend.
[Physics::Module] Id: 0xf2b8ea05
Input System module state changed to: ShutdownInProgress.
Input Polling Thread exited.
Input System module state changed to: Shutdown.
[Licensing::IpcConnector] LicenseClient-cld-main-notifications channel disconnected successfully.
[Licensing::IpcConnector] LicenseClient-cld-main channel disconnected successfully.
Lingering sessions upon destruction of worker manager
Unity Data Store service was successfully shut down
UDS shutting down local client system
AcceleratorClientConnectionCallback - disconnected - :0
Cleanup mono
CodeReloadManager destroyed
Checking for leaked weakptr:
  Found no leaked weakptrs.
[Package Manager] Server process was shutdown
##utp:{"type":"MemoryLeaks","version":2,"phase":"Immediate","time":1790737154071,"processId":68212,"allocatedMemory":17578410,"memoryLabels":[{"Default":206779},{"Permanent":15516},{"NewDelete":71311},{"Thread":4178920},{"Manager":2338245},{"VertexData":392},{"Geometry":816},{"Texture":24},{"Shader":850534},{"Material":24},{"GfxDevice":56184},{"Animation":952},{"FreeType":8},{"FontEngine":736},{"Physics":1970},{"Physics2D":16},{"Serialization":37056},{"Input":42840},{"JobScheduler":256},{"TextLib":336},{"Mono":48},{"MonoCode":64},{"ScriptingNativeRuntime":1319264},{"BaseObject":68864},{"Resource":1208},{"Renderer":2384},{"Transform":4685},{"File":19273},{"WebCam":616},{"Culling":32},{"Terrain":11442},{"Wind":24},{"STL":40},{"String":354132},{"StaticString":3808},{"Utility":2674806},{"Curl":2478},{"PoolAlloc":2840},{"AI":80},{"TypeTree":32269},{"ScriptManager":12640},{"CodeReload":448},{"RuntimeInitializeOnLoadManager":64},{"Sprites":102},{"SpriteAtlas":120},{"GI":7816},{"Director":8296},{"CloudService":288},{"WebRequest":552},{"VR":49650},{"SceneManager":608},{"Video":208},{"LazyScriptCache":32},{"Camera":729},{"Secure":2377},{"SerializationCache":9256},{"APIUpdating":10320},{"Subsystems":336},{"VirtualTexturing":57888},{"StaticSafetyDebugInfo":278528},{"Analytics":464},{"Hierarchy":1188},{"UIElements":40},{"CoreStats":14456},{"Identifiers":7152},{"Gui":128},{"EditorUtility":122198},{"VersionControl":8},{"Undo":931},{"AssetDatabase":4640829},{"AssetImporter":40},{"EditorGi":328},{"UnityConnect":40465},{"Upm":1912},{"UpmDiagnostics":8},{"AssetCompliance":96},{"DrivenProperties":72},{"LocalIPC":266},{"ProfilerEditor":9746},{"CoreBusinessMetrics":3210},{"Windowing":456},{"Licensing":12575},{"AssetReference":32},{"IPCStream":32}]}
